[     210ms] [LOG] [Fast Refresh] rebuilding @ http://localhost:3001/_next/static/chunks/node_modules_next_dist_f3530cac._.js:2297
[     263ms] [LOG] [Fast Refresh] done in 155ms @ http://localhost:3001/_next/static/chunks/node_modules_next_dist_f3530cac._.js:2297
[     563ms] [INFO] %cDownload the React DevTools for a better development experience: https://react.dev/link/react-devtools font-weight:bold @ http://localhost:3001/_next/static/chunks/node_modules_next_dist_f3530cac._.js:2297
[     592ms] [LOG] [HMR] connected @ http://localhost:3001/_next/static/chunks/node_modules_next_dist_f3530cac._.js:2297
[   79261ms] [LOG] [Fast Refresh] rebuilding @ http://localhost:3001/_next/static/chunks/node_modules_next_dist_f3530cac._.js:2297
[   79551ms] [LOG] [Fast Refresh] done in 115ms @ http://localhost:3001/_next/static/chunks/node_modules_next_dist_f3530cac._.js:2297
[  107497ms] [LOG] [Fast Refresh] rebuilding @ http://localhost:3001/_next/static/chunks/node_modules_next_dist_f3530cac._.js:2297
[  107636ms] [LOG] [Fast Refresh] done in 60ms @ http://localhost:3001/_next/static/chunks/node_modules_next_dist_f3530cac._.js:2297
[  126502ms] [LOG] [Fast Refresh] rebuilding @ http://localhost:3001/_next/static/chunks/node_modules_next_dist_f3530cac._.js:2297
[  126545ms] [LOG] [Fast Refresh] done in 32ms @ http://localhost:3001/_next/static/chunks/node_modules_next_dist_f3530cac._.js:2297
[  142939ms] [LOG] [Fast Refresh] rebuilding @ http://localhost:3001/_next/static/chunks/node_modules_next_dist_f3530cac._.js:2297
[  143023ms] [ERROR] ./src/app/blog/page.js:4:1
Module not found: Can't resolve './page.module.css'
  2 | import MarketingShell from "@/components/MarketingShell/MarketingShell";
  3 | import { BLOG_POSTS } from "@/lib/content";
> 4 | import styles from "./page.module.css";
    | ^^^^^^^^^^^^^^^^^^^^^^^^^^^^^^^^^^^^^^^
  5 |
  6 | export default function BlogPage() {
  7 |   return (

https://nextjs.org/docs/messages/module-not-found @ http://localhost:3001/_next/static/chunks/node_modules_next_dist_f3530cac._.js:3127
[  182819ms] [LOG] [Fast Refresh] rebuilding @ http://localhost:3001/_next/static/chunks/node_modules_next_dist_f3530cac._.js:2297
[  182934ms] [LOG] [Fast Refresh] done in 157ms @ http://localhost:3001/_next/static/chunks/node_modules_next_dist_f3530cac._.js:2297
[  209028ms] [LOG] [Fast Refresh] rebuilding @ http://localhost:3001/_next/static/chunks/node_modules_next_dist_f3530cac._.js:2297
[  209175ms] [LOG] [Fast Refresh] done in 158ms @ http://localhost:3001/_next/static/chunks/node_modules_next_dist_f3530cac._.js:2297
[  228619ms] [LOG] [Fast Refresh] rebuilding @ http://localhost:3001/_next/static/chunks/node_modules_next_dist_f3530cac._.js:2297
[  228681ms] [ERROR] ./src/app/blog/[slug]/page.js:4:1
Module not found: Can't resolve './page.module.css'
  2 | import MarketingShell from "@/components/MarketingShell/MarketingShell";
  3 | import { BLOG_POSTS, BLOG_POSTS_BY_SLUG, getBlogPostSections } from "@/lib/content";
> 4 | import styles from "./page.module.css";
    | ^^^^^^^^^^^^^^^^^^^^^^^^^^^^^^^^^^^^^^^
  5 |
  6 | export function generateStaticParams() {
  7 |   return BLOG_POSTS.map((post) => ({ slug: post.slug }));

https://nextjs.org/docs/messages/module-not-found @ http://localhost:3001/_next/static/chunks/node_modules_next_dist_f3530cac._.js:3127
[  259248ms] [LOG] [Fast Refresh] rebuilding @ http://localhost:3001/_next/static/chunks/node_modules_next_dist_f3530cac._.js:2297
[  259520ms] [LOG] [Fast Refresh] done in 331ms @ http://localhost:3001/_next/static/chunks/node_modules_next_dist_f3530cac._.js:2297
[  323448ms] [LOG] [HMR] connected @ http://localhost:3001/_next/static/chunks/node_modules_next_dist_f3530cac._.js:2297
[  518498ms] [LOG] [Fast Refresh] rebuilding @ http://localhost:3001/_next/static/chunks/node_modules_next_dist_f3530cac._.js:2297
[  518598ms] [LOG] [Fast Refresh] done in 200ms @ http://localhost:3001/_next/static/chunks/node_modules_next_dist_f3530cac._.js:2297
[  520516ms] [LOG] [Fast Refresh] rebuilding @ http://localhost:3001/_next/static/chunks/node_modules_next_dist_f3530cac._.js:2297
[  520522ms] [LOG] [Fast Refresh] done in 106ms @ http://localhost:3001/_next/static/chunks/node_modules_next_dist_f3530cac._.js:2297
[  532016ms] [LOG] [Fast Refresh] rebuilding @ http://localhost:3001/_next/static/chunks/node_modules_next_dist_f3530cac._.js:2297
[  532054ms] [LOG] [Fast Refresh] done in 138ms @ http://localhost:3001/_next/static/chunks/node_modules_next_dist_f3530cac._.js:2297
[  707938ms] [LOG] [HMR] connected @ http://localhost:3001/_next/static/chunks/node_modules_next_dist_f3530cac._.js:2297
[  792552ms] [LOG] [Fast Refresh] rebuilding @ http://localhost:3001/_next/static/chunks/node_modules_next_dist_f3530cac._.js:2297
[  792836ms] [LOG] [Fast Refresh] done in 286ms @ http://localhost:3001/_next/static/chunks/node_modules_next_dist_f3530cac._.js:2297
[  938570ms] [LOG] [Fast Refresh] rebuilding @ http://localhost:3001/_next/static/chunks/node_modules_next_dist_f3530cac._.js:2297
[  938590ms] [LOG] [Fast Refresh] done in 122ms @ http://localhost:3001/_next/static/chunks/node_modules_next_dist_f3530cac._.js:2297
[  951823ms] [LOG] [Fast Refresh] rebuilding @ http://localhost:3001/_next/static/chunks/node_modules_next_dist_f3530cac._.js:2297
[  951831ms] [LOG] [Fast Refresh] done in 109ms @ http://localhost:3001/_next/static/chunks/node_modules_next_dist_f3530cac._.js:2297
[  959360ms] [LOG] [Fast Refresh] rebuilding @ http://localhost:3001/_next/static/chunks/node_modules_next_dist_f3530cac._.js:2297
[  959395ms] [LOG] [Fast Refresh] done in 143ms @ http://localhost:3001/_next/static/chunks/node_modules_next_dist_f3530cac._.js:2297
