[    2733ms] [INFO] %cDownload the React DevTools for a better development experience: https://react.dev/link/react-devtools font-weight:bold @ http://localhost:3000/_next/static/chunks/node_modules_next_dist_f3530cac._.js:2297
[    3248ms] [LOG] [HMR] connected @ http://localhost:3000/_next/static/chunks/node_modules_next_dist_f3530cac._.js:2297
[  897776ms] [LOG] [HMR] connected @ http://localhost:3000/_next/static/chunks/node_modules_next_dist_f3530cac._.js:2297
[ 2778531ms] [LOG] [Fast Refresh] rebuilding @ http://localhost:3000/_next/static/chunks/node_modules_next_dist_f3530cac._.js:2297
[ 2778640ms] [LOG] [Fast Refresh] done in 210ms @ http://localhost:3000/_next/static/chunks/node_modules_next_dist_f3530cac._.js:2297
[ 2797308ms] [LOG] [Fast Refresh] rebuilding @ http://localhost:3000/_next/static/chunks/node_modules_next_dist_f3530cac._.js:2297
[ 2797314ms] [LOG] [Fast Refresh] done in 107ms @ http://localhost:3000/_next/static/chunks/node_modules_next_dist_f3530cac._.js:2297
[ 2982090ms] [LOG] [HMR] connected @ http://localhost:3000/_next/static/chunks/node_modules_next_dist_f3530cac._.js:2297
[ 3733532ms] [ERROR] WebSocket connection to 'ws://localhost:3000/_next/webpack-hmr?id=9ekIdz8_zpm6bBSCfLOXD' failed: Error in connection establishment: net::ERR_CONNECTION_REFUSED @ http://localhost:3000/_next/static/chunks/node_modules_next_dist_client_17643121._.js:10878
[ 3734541ms] [ERROR] WebSocket connection to 'ws://localhost:3000/_next/webpack-hmr?id=9ekIdz8_zpm6bBSCfLOXD' failed: Error in connection establishment: net::ERR_CONNECTION_REFUSED @ http://localhost:3000/_next/static/chunks/node_modules_next_dist_client_17643121._.js:10878
[ 3735544ms] [ERROR] WebSocket connection to 'ws://localhost:3000/_next/webpack-hmr?id=9ekIdz8_zpm6bBSCfLOXD' failed: Error in connection establishment: net::ERR_CONNECTION_REFUSED @ http://localhost:3000/_next/static/chunks/node_modules_next_dist_client_17643121._.js:10878
[ 3736546ms] [ERROR] WebSocket connection to 'ws://localhost:3000/_next/webpack-hmr?id=9ekIdz8_zpm6bBSCfLOXD' failed: Error in connection establishment: net::ERR_CONNECTION_REFUSED @ http://localhost:3000/_next/static/chunks/node_modules_next_dist_client_17643121._.js:10878
[ 3737551ms] [ERROR] WebSocket connection to 'ws://localhost:3000/_next/webpack-hmr?id=9ekIdz8_zpm6bBSCfLOXD' failed: Error in connection establishment: net::ERR_CONNECTION_REFUSED @ http://localhost:3000/_next/static/chunks/node_modules_next_dist_client_17643121._.js:10878
[ 3742564ms] [ERROR] WebSocket connection to 'ws://localhost:3000/_next/webpack-hmr?id=9ekIdz8_zpm6bBSCfLOXD' failed: Error in connection establishment: net::ERR_CONNECTION_REFUSED @ http://localhost:3000/_next/static/chunks/node_modules_next_dist_client_17643121._.js:10878
[ 3747576ms] [ERROR] WebSocket connection to 'ws://localhost:3000/_next/webpack-hmr?id=9ekIdz8_zpm6bBSCfLOXD' failed: Error in connection establishment: net::ERR_CONNECTION_REFUSED @ http://localhost:3000/_next/static/chunks/node_modules_next_dist_client_17643121._.js:10878
[ 3752587ms] [ERROR] WebSocket connection to 'ws://localhost:3000/_next/webpack-hmr?id=9ekIdz8_zpm6bBSCfLOXD' failed: Error in connection establishment: net::ERR_CONNECTION_REFUSED @ http://localhost:3000/_next/static/chunks/node_modules_next_dist_client_17643121._.js:10878
[ 3757627ms] [ERROR] WebSocket connection to 'ws://localhost:3000/_next/webpack-hmr?id=9ekIdz8_zpm6bBSCfLOXD' failed: Error in connection establishment: net::ERR_CONNECTION_REFUSED @ http://localhost:3000/_next/static/chunks/node_modules_next_dist_client_17643121._.js:10878
[ 3762668ms] [ERROR] WebSocket connection to 'ws://localhost:3000/_next/webpack-hmr?id=9ekIdz8_zpm6bBSCfLOXD' failed: Error in connection establishment: net::ERR_CONNECTION_REFUSED @ http://localhost:3000/_next/static/chunks/node_modules_next_dist_client_17643121._.js:10878
[ 3767754ms] [ERROR] WebSocket connection to 'ws://localhost:3000/_next/webpack-hmr?id=9ekIdz8_zpm6bBSCfLOXD' failed: Error in connection establishment: net::ERR_CONNECTION_REFUSED @ http://localhost:3000/_next/static/chunks/node_modules_next_dist_client_17643121._.js:10878
[ 3772995ms] [ERROR] WebSocket connection to 'ws://localhost:3000/_next/webpack-hmr?id=9ekIdz8_zpm6bBSCfLOXD' failed: Error in connection establishment: net::ERR_CONNECTION_REFUSED @ http://localhost:3000/_next/static/chunks/node_modules_next_dist_client_17643121._.js:10878
[ 3871015ms] [INFO] %cDownload the React DevTools for a better development experience: https://react.dev/link/react-devtools font-weight:bold @ http://localhost:3000/_next/static/chunks/node_modules_next_dist_f3530cac._.js:2297
[ 3871098ms] [LOG] [HMR] connected @ http://localhost:3000/_next/static/chunks/node_modules_next_dist_f3530cac._.js:2297
