[    3022ms] [ERROR] Refused to get unsafe header "X-Sg-Cs" @ https://www.google.com/search?q=cnn&oq=cnn&gs_lcrp=EgZjaHJvbWUqEAgAEAAYgwEY4wIYsQMYgAQyEAgAEAAYgwEY4wIYsQMYgAQyEwgBEC4YgwEYxwEYsQMY0QMYgAQyBwgCEAAYgAQyCggDEAAYsQMYgAQyBwgEEAAYgAQyBwgFEAAYgAQyBwgGEAAYgAQyBwgHEAAYgAQyBwgIEAAYgAQyDQgJEC4YrwEYxwEYgATSAQc3ODFqMGo3qAIAsAIA&sourceid=chrome&ie=UTF-8&sei=oF_4aYmQN5eokdUPhfutiQw:22
[    3022ms] [ERROR] Refused to get unsafe header "X-Sorry-Redirect" @ https://www.google.com/search?q=cnn&oq=cnn&gs_lcrp=EgZjaHJvbWUqEAgAEAAYgwEY4wIYsQMYgAQyEAgAEAAYgwEY4wIYsQMYgAQyEwgBEC4YgwEYxwEYsQMY0QMYgAQyBwgCEAAYgAQyCggDEAAYsQMYgAQyBwgEEAAYgAQyBwgFEAAYgAQyBwgGEAAYgAQyBwgHEAAYgAQyBwgIEAAYgAQyDQgJEC4YrwEYxwEYgATSAQc3ODFqMGo3qAIAsAIA&sourceid=chrome&ie=UTF-8&sei=oF_4aYmQN5eokdUPhfutiQw:22
[    3875ms] [WARNING] Specifying 'overflow: visible' on img, video and canvas tags may cause them to produce visual content outside of the element bounds. See https://github.com/WICG/view-transitions/blob/main/debugging_overflow_on_images.md for details. @ https://edition.cnn.com/:12163
[    4235ms] [LOG] AdFuelError event fired: CustomEvent @ https://edition.cnn.com/media/sites/js/bundles/cnn-edition-adfuel-body-4f5702656cd8f4223620039026c7c6ddef28fe7bd21467289a55cfecc58ecf1f.min.js:0
[    5712ms] [LOG] CEP Topic Collection:  [Object, Object, Object] @ https://edition.cnn.com/media/sites/js/bundles/cnn-edition-adfuel-e30d4ed1f85bf55b7e150ee7e8bce42e790935484c341b93025c175bfac82243.min.js:0
[    5859ms] [WARNING] [GPT] PubAdsService.setTargeting is deprecated, use googletag.setConfig({targeting: ...}) instead.
https://goo.gle/gpt-message#170 @ https://securepubads.g.doubleclick.net/pagead/managed/js/gpt/m202604290101/pubads_impl.js?cb=31098182:18
[    5870ms] [WARNING] %c >>> %c[Prebid 5.01.029 TS]  background: orange;color: black color: #58f53f; padding: 2px getKvp miss: vendor="GUMGUM" configKey="SLOT" rocketeerKeyPath="INTL › DESKTOP › DISPLAY › HP › BNR › ATF › 01 › 728x90" (config slice has 2 root keys: DOM, INTL) {vendor: GUMGUM, paramKey: undefined, configKey: SLOT, rocketeerKeyPath: INTL › DESKTOP › DISPLAY › HP › BNR › ATF › 01 › 728x90, config: Object} @ https://edition.cnn.com/media/sites/js/bundles/cnn-edition-adfuel-e30d4ed1f85bf55b7e150ee7e8bce42e790935484c341b93025c175bfac82243.min.js:0
[    5871ms] [WARNING] %c >>> %c[Prebid 5.01.029 TS]  background: orange;color: black color: #58f53f; padding: 2px getKvp miss: vendor="GUMGUM" configKey="PRODUCT" rocketeerKeyPath="INTL › DESKTOP › HP › BNR › ATF › 01" (empty config slice — check vendor JSON / MAPPINGS) {vendor: GUMGUM, paramKey: undefined, configKey: PRODUCT, rocketeerKeyPath: INTL › DESKTOP › HP › BNR › ATF › 01, config: Object} @ https://edition.cnn.com/media/sites/js/bundles/cnn-edition-adfuel-e30d4ed1f85bf55b7e150ee7e8bce42e790935484c341b93025c175bfac82243.min.js:0
[    5889ms] [WARNING] %c >>> %c[Prebid 5.01.029 TS]  background: orange;color: black color: #58f53f; padding: 2px getKvp miss: vendor="PUBMATIC" paramKey="adSlot" configKey="MAPPINGS" rocketeerKeyPath="INTL › DESKTOP › DISPLAY › HP › BNR › ATF › 01" (config slice has 2 root keys: DOM, INTL) {vendor: PUBMATIC, paramKey: adSlot, configKey: MAPPINGS, rocketeerKeyPath: INTL › DESKTOP › DISPLAY › HP › BNR › ATF › 01, config: Object} @ https://edition.cnn.com/media/sites/js/bundles/cnn-edition-adfuel-e30d4ed1f85bf55b7e150ee7e8bce42e790935484c341b93025c175bfac82243.min.js:0
[    5892ms] [WARNING] %c >>> %c[Prebid 5.01.029 TS]  background: orange;color: black color: #58f53f; padding: 2px getKvp miss: vendor="SHARETHROUGH" paramKey="pkey" configKey="UNIT_MAPPING" rocketeerKeyPath="INTL › DESKTOP › DISPLAY › HP › BNR › ATF › 01 › 970x90" (config slice has 2 root keys: DOM, INTL) {vendor: SHARETHROUGH, paramKey: pkey, configKey: UNIT_MAPPING, rocketeerKeyPath: INTL › DESKTOP › DISPLAY › HP › BNR › ATF › 01 › 970x90, config: Object} @ https://edition.cnn.com/media/sites/js/bundles/cnn-edition-adfuel-e30d4ed1f85bf55b7e150ee7e8bce42e790935484c341b93025c175bfac82243.min.js:0
[    5896ms] [LOG] Ad Slots:  {active: Array(1), adSlots: Array(1)} @ https://edition.cnn.com/media/sites/js/bundles/cnn-edition-adfuel-e30d4ed1f85bf55b7e150ee7e8bce42e790935484c341b93025c175bfac82243.min.js:0
[    5977ms] [ERROR] Attestation check for Protected Audience on https://elb.the-ozone-project.com failed. @ https://edition.cnn.com/:0
[    5977ms] [ERROR] Attestation check for Protected Audience on https://a.teads.tv failed. @ https://edition.cnn.com/:0
[    5977ms] [ERROR] Attestation check for Protected Audience on https://grid-bidder.criteo.com failed. @ https://edition.cnn.com/:0
[    5977ms] [ERROR] Attestation check for Protected Audience on https://direct.adsrvr.org failed. @ https://edition.cnn.com/:0
[    5977ms] [ERROR] Attestation check for Protected Audience on https://btlr.sharethrough.com failed. @ https://edition.cnn.com/:0
[    5977ms] [ERROR] Attestation check for Protected Audience on https://btlr.sharethrough.com failed. @ https://edition.cnn.com/:0
[    5977ms] [ERROR] Attestation check for Protected Audience on https://fastlane.rubiconproject.com failed. @ https://edition.cnn.com/:0
[    5977ms] [ERROR] Attestation check for Protected Audience on https://ib.adnxs.com failed. @ https://edition.cnn.com/:0
[    5977ms] [ERROR] Attestation check for Protected Audience on https://htlb.casalemedia.com failed. @ https://edition.cnn.com/:0
[    5985ms] [ERROR] Attestation check for Protected Audience on https://hbopenbid.pubmatic.com failed. @ https://edition.cnn.com/:0
[    6895ms] [WARNING] [GPT] Slot.setTargeting is deprecated, use Slot.setConfig({targeting: ...}) instead.
https://goo.gle/gpt-message#171 @ https://securepubads.g.doubleclick.net/pagead/managed/js/gpt/m202604290101/pubads_impl.js?cb=31098182:18
[    7307ms] [WARNING] An iframe which has both allow-scripts and allow-same-origin for its sandbox attribute can escape its sandboxing. @ https://cadmus.script.ac/d2uap9jskdzp2/script.js:0
[    7334ms] [WARNING] An iframe which has both allow-scripts and allow-same-origin for its sandbox attribute can escape its sandboxing. @ https://cadmus.script.ac/d2uap9jskdzp2/script.js:0
[    7397ms] [LOG] [PTK] cookies  @ https://lightning.warnermediacdn.com/cdp/psmtk/getcdpid.html:37
[    7398ms] [LOG] [PTK] cdpId 5e47e4bb-1c44-45bd-a324-0ac95e689129 @ https://lightning.warnermediacdn.com/cdp/psmtk/getcdpid.html:40
[    7398ms] [LOG] [PTK] setting cookie in iFrame @ https://lightning.warnermediacdn.com/cdp/psmtk/getcdpid.html:41
[    7398ms] [LOG] [PTK] setting CDPID to 5e47e4bb-1c44-45bd-a324-0ac95e689129 on domain warnermediacdn.com @ https://lightning.warnermediacdn.com/cdp/psmtk/getcdpid.html:15
[    7398ms] [LOG] [PTK] expires Thu, 01 May 2036 08:58:14 GMT @ https://lightning.warnermediacdn.com/cdp/psmtk/getcdpid.html:17
[    7617ms] [WARNING] [GPT] Using deprecated googletag.encryptedSignalProviders. Please use googletag.secureSignalProviders instead.
https://goo.gle/gpt-message#155 @ https://securepubads.g.doubleclick.net/pagead/managed/js/gpt/m202604290101/pubads_impl.js?cb=31098182:18
[    7698ms] [LOG] {adSessionID: c90384c0-7027-47dd-8d2e-6787420bfca4, advertisingIdentifier: null, appSessionId: c90384c0-7027-47dd-8d2e-6787420bfca4, applicationIdentifier: edition.cnn.com, applicationName: cnn} @ https://cadmus.script.ac/d2uap9jskdzp2/script.js:0
[    8002ms] [LOG] Forcing PubMatic:   @ https://cadmus.script.ac/d2uap9jskdzp2/script.js:0
[    8112ms] [ERROR] ERROR - (ox_esp) Call to OX failedTypeError: Failed to fetch @ https://oa.openxcdn.net/esp.js:0
[    8552ms] [LOG] AdFuelError event fired: CustomEvent @ https://edition.cnn.com/media/sites/js/bundles/cnn-edition-adfuel-body-4f5702656cd8f4223620039026c7c6ddef28fe7bd21467289a55cfecc58ecf1f.min.js:0
[    8632ms] [LOG] CEP Topic Collection:  [Object, Object, Object, Object, Object, Object, Object, Object, Object, Object, Object, Object, Object, Object, Object, Object, Object, Object, Object, Object, Object, Object, Object, Object, Object, Object, Object, Object, Object, Object, Object, Object, Object, Object, Object, Object] @ https://edition.cnn.com/media/sites/js/bundles/cnn-edition-adfuel-e30d4ed1f85bf55b7e150ee7e8bce42e790935484c341b93025c175bfac82243.min.js:0
[    9147ms] [WARNING] [GPT] PubAdsService.setTargeting is deprecated, use googletag.setConfig({targeting: ...}) instead.
https://goo.gle/gpt-message#170 @ https://securepubads.g.doubleclick.net/pagead/managed/js/gpt/m202604290101/pubads_impl.js?cb=31098182:18
[    9151ms] [WARNING] %c >>> %c[Prebid 5.01.029 TS]  background: orange;color: black color: #58f53f; padding: 2px getKvp miss: vendor="GUMGUM" configKey="PRODUCT" rocketeerKeyPath="INTL › DESKTOP › ROS › BNR › ATF › 01" (empty config slice — check vendor JSON / MAPPINGS) {vendor: GUMGUM, paramKey: undefined, configKey: PRODUCT, rocketeerKeyPath: INTL › DESKTOP › ROS › BNR › ATF › 01, config: Object} @ https://edition.cnn.com/media/sites/js/bundles/cnn-edition-adfuel-e30d4ed1f85bf55b7e150ee7e8bce42e790935484c341b93025c175bfac82243.min.js:0
[    9159ms] [WARNING] %c >>> %c[Prebid 5.01.029 TS]  background: orange;color: black color: #58f53f; padding: 2px getKvp miss: vendor="PUBMATIC" paramKey="adSlot" configKey="MAPPINGS" rocketeerKeyPath="INTL › DESKTOP › DISPLAY › ROS › BNR › ATF › 01" (config slice has 2 root keys: DOM, INTL) {vendor: PUBMATIC, paramKey: adSlot, configKey: MAPPINGS, rocketeerKeyPath: INTL › DESKTOP › DISPLAY › ROS › BNR › ATF › 01, config: Object} @ https://edition.cnn.com/media/sites/js/bundles/cnn-edition-adfuel-e30d4ed1f85bf55b7e150ee7e8bce42e790935484c341b93025c175bfac82243.min.js:0
[    9163ms] [WARNING] %c >>> %c[Prebid 5.01.029 TS]  background: orange;color: black color: #58f53f; padding: 2px getKvp miss: vendor="SHARETHROUGH" paramKey="pkey" configKey="UNIT_MAPPING" rocketeerKeyPath="INTL › DESKTOP › DISPLAY › ROS › BNR › ATF › 01 › 970x90" (config slice has 2 root keys: DOM, INTL) {vendor: SHARETHROUGH, paramKey: pkey, configKey: UNIT_MAPPING, rocketeerKeyPath: INTL › DESKTOP › DISPLAY › ROS › BNR › ATF › 01 › 970x90, config: Object} @ https://edition.cnn.com/media/sites/js/bundles/cnn-edition-adfuel-e30d4ed1f85bf55b7e150ee7e8bce42e790935484c341b93025c175bfac82243.min.js:0
[    9195ms] [LOG] Ad Slots:  {active: Array(1), adSlots: Array(1)} @ https://cadmus.script.ac/d2uap9jskdzp2/script.js:0
[    9223ms] [ERROR] Attestation check for Protected Audience on https://elb.the-ozone-project.com failed. @ https://edition.cnn.com/2026/05/04/europe/putin-russia-security-intelligence-intl:0
[    9223ms] [ERROR] Attestation check for Protected Audience on https://g2.gumgum.com failed. @ https://edition.cnn.com/2026/05/04/europe/putin-russia-security-intelligence-intl:0
[    9223ms] [ERROR] Attestation check for Protected Audience on https://a.teads.tv failed. @ https://edition.cnn.com/2026/05/04/europe/putin-russia-security-intelligence-intl:0
[    9223ms] [ERROR] Attestation check for Protected Audience on https://ib.adnxs.com failed. @ https://edition.cnn.com/2026/05/04/europe/putin-russia-security-intelligence-intl:0
[    9223ms] [ERROR] Attestation check for Protected Audience on https://htlb.casalemedia.com failed. @ https://edition.cnn.com/2026/05/04/europe/putin-russia-security-intelligence-intl:0
[    9223ms] [ERROR] Attestation check for Protected Audience on https://grid-bidder.criteo.com failed. @ https://edition.cnn.com/2026/05/04/europe/putin-russia-security-intelligence-intl:0
[    9223ms] [ERROR] Attestation check for Protected Audience on https://btlr.sharethrough.com failed. @ https://edition.cnn.com/2026/05/04/europe/putin-russia-security-intelligence-intl:0
[    9223ms] [ERROR] Attestation check for Protected Audience on https://btlr.sharethrough.com failed. @ https://edition.cnn.com/2026/05/04/europe/putin-russia-security-intelligence-intl:0
[    9223ms] [ERROR] Attestation check for Protected Audience on https://direct.adsrvr.org failed. @ https://edition.cnn.com/2026/05/04/europe/putin-russia-security-intelligence-intl:0
[    9223ms] [ERROR] Attestation check for Protected Audience on https://fastlane.rubiconproject.com failed. @ https://edition.cnn.com/2026/05/04/europe/putin-russia-security-intelligence-intl:0
[    9235ms] [ERROR] Attestation check for Protected Audience on https://hbopenbid.pubmatic.com failed. @ https://edition.cnn.com/2026/05/04/europe/putin-russia-security-intelligence-intl:0
[   10187ms] [WARNING] [GPT] Slot.setTargeting is deprecated, use Slot.setConfig({targeting: ...}) instead.
https://goo.gle/gpt-message#171 @ https://securepubads.g.doubleclick.net/pagead/managed/js/gpt/m202604290101/pubads_impl.js?cb=31098182:18
[   10417ms] [ERROR] Failed to load resource: the server responded with a status of 400 (BAD REQUEST) @ https://people.api.boomtrain.com/identify/resolve?data=eyJjb29raWUiOnsiYnNpbiI6IiJ9LCJxdWVyeXN0cmluZyI6e30sImV4dGVybmFsX2lkcyI6eyJ6eW5jIjoiNGUyYTM5YzItOTRlMS00NTg1LWE1YzMtYzZlYjE1MTRkNjE2OjE3Nzc4ODUwOTIuNjMzOTY1MyJ9fQ%3D%3D&site_id=cnn:0
[   10491ms] [WARNING] An iframe which has both allow-scripts and allow-same-origin for its sandbox attribute can escape its sandboxing. @ https://cadmus.script.ac/d2uap9jskdzp2/script.js:0
[   10502ms] [WARNING] An iframe which has both allow-scripts and allow-same-origin for its sandbox attribute can escape its sandboxing. @ https://cadmus.script.ac/d2uap9jskdzp2/script.js:0
[   10606ms] [WARNING] %c >>> %c[Prebid 5.01.029 TS]  background: orange;color: black color: #58f53f; padding: 2px getKvp miss: vendor="GUMGUM" configKey="PRODUCT" rocketeerKeyPath="INTL › DESKTOP › ROS › BNR › ATF › 01" (empty config slice — check vendor JSON / MAPPINGS) {vendor: GUMGUM, paramKey: undefined, configKey: PRODUCT, rocketeerKeyPath: INTL › DESKTOP › ROS › BNR › ATF › 01, config: Object} @ https://edition.cnn.com/media/sites/js/bundles/cnn-edition-adfuel-e30d4ed1f85bf55b7e150ee7e8bce42e790935484c341b93025c175bfac82243.min.js:0
[   10615ms] [WARNING] %c >>> %c[Prebid 5.01.029 TS]  background: orange;color: black color: #58f53f; padding: 2px getKvp miss: vendor="PUBMATIC" paramKey="adSlot" configKey="MAPPINGS" rocketeerKeyPath="INTL › DESKTOP › DISPLAY › ROS › BNR › ATF › 01" (config slice has 2 root keys: DOM, INTL) {vendor: PUBMATIC, paramKey: adSlot, configKey: MAPPINGS, rocketeerKeyPath: INTL › DESKTOP › DISPLAY › ROS › BNR › ATF › 01, config: Object} @ https://edition.cnn.com/media/sites/js/bundles/cnn-edition-adfuel-e30d4ed1f85bf55b7e150ee7e8bce42e790935484c341b93025c175bfac82243.min.js:0
[   10618ms] [WARNING] %c >>> %c[Prebid 5.01.029 TS]  background: orange;color: black color: #58f53f; padding: 2px getKvp miss: vendor="SHARETHROUGH" paramKey="pkey" configKey="UNIT_MAPPING" rocketeerKeyPath="INTL › DESKTOP › DISPLAY › ROS › BNR › ATF › 01 › 970x90" (config slice has 2 root keys: DOM, INTL) {vendor: SHARETHROUGH, paramKey: pkey, configKey: UNIT_MAPPING, rocketeerKeyPath: INTL › DESKTOP › DISPLAY › ROS › BNR › ATF › 01 › 970x90, config: Object} @ https://edition.cnn.com/media/sites/js/bundles/cnn-edition-adfuel-e30d4ed1f85bf55b7e150ee7e8bce42e790935484c341b93025c175bfac82243.min.js:0
[   10635ms] [LOG] Ad Slots:  {active: Array(0), adSlots: Array(1)} @ https://cadmus.script.ac/d2uap9jskdzp2/script.js:0
[   10641ms] [WARNING] %c >>> %c[Prebid 5.01.029 TS]  background: orange;color: black color: #58f53f; padding: 2px getKvp miss: vendor="GUMGUM" configKey="PRODUCT" rocketeerKeyPath="INTL › DESKTOP › ROS › RIGHT › ATF › 01" (empty config slice — check vendor JSON / MAPPINGS) {vendor: GUMGUM, paramKey: undefined, configKey: PRODUCT, rocketeerKeyPath: INTL › DESKTOP › ROS › RIGHT › ATF › 01, config: Object} @ https://edition.cnn.com/media/sites/js/bundles/cnn-edition-adfuel-e30d4ed1f85bf55b7e150ee7e8bce42e790935484c341b93025c175bfac82243.min.js:0
[   10646ms] [WARNING] %c >>> %c[Prebid 5.01.029 TS]  background: orange;color: black color: #58f53f; padding: 2px getKvp miss: vendor="OZONE" configKey="PLACEMENT_ID" rocketeerKeyPath="INTL › DESKTOP › DISPLAY › ROS › RIGHT › ATF › 01 › 300x600" (config slice has 2 root keys: DOM, INTL) {vendor: OZONE, paramKey: undefined, configKey: PLACEMENT_ID, rocketeerKeyPath: INTL › DESKTOP › DISPLAY › ROS › RIGHT › ATF › 01 › 300x600, config: Object} @ https://edition.cnn.com/media/sites/js/bundles/cnn-edition-adfuel-e30d4ed1f85bf55b7e150ee7e8bce42e790935484c341b93025c175bfac82243.min.js:0
[   10647ms] [WARNING] %c >>> %c[Prebid 5.01.029 TS]  background: orange;color: black color: #58f53f; padding: 2px getKvp miss: vendor="PUBMATIC" paramKey="adSlot" configKey="MAPPINGS" rocketeerKeyPath="INTL › DESKTOP › DISPLAY › ROS › RIGHT › ATF › 01" (config slice has 2 root keys: DOM, INTL) {vendor: PUBMATIC, paramKey: adSlot, configKey: MAPPINGS, rocketeerKeyPath: INTL › DESKTOP › DISPLAY › ROS › RIGHT › ATF › 01, config: Object} @ https://edition.cnn.com/media/sites/js/bundles/cnn-edition-adfuel-e30d4ed1f85bf55b7e150ee7e8bce42e790935484c341b93025c175bfac82243.min.js:0
[   10665ms] [LOG] Ad Slots:  {active: Array(1), adSlots: Array(2)} @ https://cadmus.script.ac/d2uap9jskdzp2/script.js:0
[   10703ms] [ERROR] Attestation check for Protected Audience on https://fastlane.rubiconproject.com failed. @ https://edition.cnn.com/2026/05/04/europe/putin-russia-security-intelligence-intl:0
[   10708ms] [ERROR] Attestation check for Protected Audience on https://grid-bidder.criteo.com failed. @ https://edition.cnn.com/2026/05/04/europe/putin-russia-security-intelligence-intl:0
[   10708ms] [ERROR] Attestation check for Protected Audience on https://ib.adnxs.com failed. @ https://edition.cnn.com/2026/05/04/europe/putin-russia-security-intelligence-intl:0
[   10708ms] [ERROR] Attestation check for Protected Audience on https://direct.adsrvr.org failed. @ https://edition.cnn.com/2026/05/04/europe/putin-russia-security-intelligence-intl:0
[   10708ms] [ERROR] Attestation check for Protected Audience on https://htlb.casalemedia.com failed. @ https://edition.cnn.com/2026/05/04/europe/putin-russia-security-intelligence-intl:0
[   10708ms] [ERROR] Attestation check for Protected Audience on https://a.teads.tv failed. @ https://edition.cnn.com/2026/05/04/europe/putin-russia-security-intelligence-intl:0
[   10708ms] [ERROR] Attestation check for Protected Audience on https://btlr.sharethrough.com failed. @ https://edition.cnn.com/2026/05/04/europe/putin-russia-security-intelligence-intl:0
[   10708ms] [ERROR] Attestation check for Protected Audience on https://btlr.sharethrough.com failed. @ https://edition.cnn.com/2026/05/04/europe/putin-russia-security-intelligence-intl:0
[   10708ms] [ERROR] Attestation check for Protected Audience on https://btlr.sharethrough.com failed. @ https://edition.cnn.com/2026/05/04/europe/putin-russia-security-intelligence-intl:0
[   10708ms] [ERROR] Attestation check for Protected Audience on https://btlr.sharethrough.com failed. @ https://edition.cnn.com/2026/05/04/europe/putin-russia-security-intelligence-intl:0
[   10708ms] [ERROR] Attestation check for Protected Audience on https://elb.the-ozone-project.com failed. @ https://edition.cnn.com/2026/05/04/europe/putin-russia-security-intelligence-intl:0
[   10708ms] [ERROR] Attestation check for Protected Audience on https://fastlane.rubiconproject.com failed. @ https://edition.cnn.com/2026/05/04/europe/putin-russia-security-intelligence-intl:0
[   10708ms] [ERROR] Attestation check for Protected Audience on https://g2.gumgum.com failed. @ https://edition.cnn.com/2026/05/04/europe/putin-russia-security-intelligence-intl:0
[   10708ms] [ERROR] Attestation check for Protected Audience on https://g2.gumgum.com failed. @ https://edition.cnn.com/2026/05/04/europe/putin-russia-security-intelligence-intl:0
[   10709ms] [ERROR] Attestation check for Protected Audience on https://hbopenbid.pubmatic.com failed. @ https://edition.cnn.com/2026/05/04/europe/putin-russia-security-intelligence-intl:0
[   10924ms] [ERROR] Attestation check for Protected Audience on https://btlr.sharethrough.com failed. @ https://edition.cnn.com/2026/05/04/europe/putin-russia-security-intelligence-intl:0
[   10924ms] [ERROR] Attestation check for Protected Audience on https://btlr.sharethrough.com failed. @ https://edition.cnn.com/2026/05/04/europe/putin-russia-security-intelligence-intl:0
[   10924ms] [ERROR] Attestation check for Protected Audience on https://htlb.casalemedia.com failed. @ https://edition.cnn.com/2026/05/04/europe/putin-russia-security-intelligence-intl:0
[   10925ms] [ERROR] Attestation check for Protected Audience on https://direct.adsrvr.org failed. @ https://edition.cnn.com/2026/05/04/europe/putin-russia-security-intelligence-intl:0
[   10925ms] [ERROR] Attestation check for Protected Audience on https://fastlane.rubiconproject.com failed. @ https://edition.cnn.com/2026/05/04/europe/putin-russia-security-intelligence-intl:0
[   10925ms] [ERROR] Attestation check for Protected Audience on https://ib.adnxs.com failed. @ https://edition.cnn.com/2026/05/04/europe/putin-russia-security-intelligence-intl:0
[   10925ms] [ERROR] Attestation check for Protected Audience on https://g2.gumgum.com failed. @ https://edition.cnn.com/2026/05/04/europe/putin-russia-security-intelligence-intl:0
[   10925ms] [ERROR] Attestation check for Protected Audience on https://elb.the-ozone-project.com failed. @ https://edition.cnn.com/2026/05/04/europe/putin-russia-security-intelligence-intl:0
[   10925ms] [ERROR] Attestation check for Protected Audience on https://grid-bidder.criteo.com failed. @ https://edition.cnn.com/2026/05/04/europe/putin-russia-security-intelligence-intl:0
[   10925ms] [ERROR] Attestation check for Protected Audience on https://a.teads.tv failed. @ https://edition.cnn.com/2026/05/04/europe/putin-russia-security-intelligence-intl:0
[   10929ms] [ERROR] Attestation check for Protected Audience on https://hbopenbid.pubmatic.com failed. @ https://edition.cnn.com/2026/05/04/europe/putin-russia-security-intelligence-intl:0
[   11265ms] [ERROR] Attestation check for Shared Storage on https://www.googleadservices.com failed. @ https://www.googleadservices.com/pagead/managed/js/activeview/current/reach_worklet.html:0
[   11546ms] [WARNING] An iframe which has both allow-scripts and allow-same-origin for its sandbox attribute can escape its sandboxing. @ https://cadmus.script.ac/d2uap9jskdzp2/script.js:0
[   11565ms] [WARNING] [GPT] Slot ad_right_atf_01 rendered inside of the viewport.
https://goo.gle/gpt-message#169 @ https://securepubads.g.doubleclick.net/pagead/managed/js/gpt/m202604290101/pubads_impl.js?cb=31098182:18
[   11840ms] [TIMEEND] a: 0.0029296875 ms @ https://static.adsafeprotected.com/sca.17.6.4.js:31
[   11265ms] [ERROR] Attestation check for Shared Storage on https://www.googleadservices.com failed. @ https://www.googleadservices.com/pagead/managed/js/activeview/current/reach_worklet.html:0
[   11995ms] [ERROR] Attestation check for Shared Storage on https://www.googleadservices.com failed. @ https://www.googleadservices.com/pagead/managed/js/activeview/current/reach_worklet.html:0
[   15215ms] [ERROR] Failed to load resource: the server responded with a status of 422 () @ https://match.sharethrough.com/FGMrCMMc/v1?redirectUri=https%3A%2F%2Fsync.sparteo.com%2Fsetuid%3Fpslabel%3Dnull%26bidder%3Dsharethrough%26gdpr%3D0%26gdpr_consent%3D%26us_privacy%3D%26gpp%3D%26gpp_sid%3D%26f%3Di%26uid%3D%24UID&gdpr=0&gdpr_consent=&us_privacy=:0
[   15578ms] [ERROR] Failed to load resource: the server responded with a status of 422 () @ https://match.sharethrough.com/FGMrCMMc/v1?redirectUri=https%3A%2F%2Fsync.sparteo.com%2Fsetuid%3Fpslabel%3Dnull%26bidder%3Dsharethrough%26gdpr%3D0%26gdpr_consent%3D%26us_privacy%3D%26gpp%3D%26gpp_sid%3D%26f%3Di%26uid%3D%24UID&gdpr=0&gdpr_consent=&us_privacy=:0
[   16715ms] [ERROR] Failed to load resource: net::ERR_HTTP2_SERVER_REFUSED_STREAM @ https://cs.admanmedia.com/60967d2e0594f2cb7e88f52e0a1f64d7.gif?puid=c2b814e7-cffd-4f68-962c-3f39835eb2cc&redir=https%3A%2F%2Fittpx.eskimi.com%2Fsync%3Fdp_id%3D106%26user_id%3D%5BUID%5D&gdpr=0&gdpr_consent=&ccpa=&gpp=&gpp_sid=:0
[   16715ms] [ERROR] Failed to load resource: net::ERR_HTTP2_SERVER_REFUSED_STREAM @ https://cs.admanmedia.com/081735c92c4aa336da0b87ec328727ee.gif?redir=https%3A%2F%2Fssp.api.tappx.com%2Fcs%2Fusync%3Fidmn%3D231%26type%3Diframe%26id%3D%5BUID%5D%26auxuid%3D&gdpr=0&gdpr_consent=&ccpa={{CCPA}}&coppa={{COPPA}}:0
[   17111ms] [ERROR] Failed to load resource: the server responded with a status of 404 () @ https://id5-sync.com/k/285.gif?puid=MOQYVQPK-13-8XC5&gdpr=0:0
[   17120ms] [ERROR] Failed to load resource: the server responded with a status of 400 () @ https://eb2.3lift.com/getuid?redir=https%3A%2F%2Fsyncingbridge.com%2FuserBack%3Fuid%3D%24UID%26p%3D2&gdpr=0&gdpr_consent=us_privacy={{US_PRIVACY}}:0
[   16715ms] [ERROR] Failed to load resource: net::ERR_HTTP2_SERVER_REFUSED_STREAM @ https://cs.admanmedia.com/081735c92c4aa336da0b87ec328727ee.gif?redir=https%3A%2F%2Fssp.api.tappx.com%2Fcs%2Fusync%3Fidmn%3D231%26type%3Diframe%26id%3D%5BUID%5D%26auxuid%3D&gdpr=0&gdpr_consent=&ccpa={{CCPA}}&coppa={{COPPA}}:0
[   16715ms] [ERROR] Failed to load resource: net::ERR_HTTP2_SERVER_REFUSED_STREAM @ https://cs.admanmedia.com/60967d2e0594f2cb7e88f52e0a1f64d7.gif?puid=c2b814e7-cffd-4f68-962c-3f39835eb2cc&redir=https%3A%2F%2Fittpx.eskimi.com%2Fsync%3Fdp_id%3D106%26user_id%3D%5BUID%5D&gdpr=0&gdpr_consent=&ccpa=&gpp=&gpp_sid=:0
[   17120ms] [ERROR] Failed to load resource: the server responded with a status of 400 () @ https://eb2.3lift.com/getuid?redir=https%3A%2F%2Fsyncingbridge.com%2FuserBack%3Fuid%3D%24UID%26p%3D2&gdpr=0&gdpr_consent=us_privacy={{US_PRIVACY}}:0
[   16715ms] [ERROR] Failed to load resource: net::ERR_HTTP2_SERVER_REFUSED_STREAM @ https://cs.admanmedia.com/081735c92c4aa336da0b87ec328727ee.gif?redir=https%3A%2F%2Fssp.api.tappx.com%2Fcs%2Fusync%3Fidmn%3D231%26type%3Diframe%26id%3D%5BUID%5D%26auxuid%3D&gdpr=0&gdpr_consent=&ccpa={{CCPA}}&coppa={{COPPA}}:0
[   16715ms] [ERROR] Failed to load resource: net::ERR_HTTP2_SERVER_REFUSED_STREAM @ https://cs.admanmedia.com/60967d2e0594f2cb7e88f52e0a1f64d7.gif?puid=c2b814e7-cffd-4f68-962c-3f39835eb2cc&redir=https%3A%2F%2Fittpx.eskimi.com%2Fsync%3Fdp_id%3D106%26user_id%3D%5BUID%5D&gdpr=0&gdpr_consent=&ccpa=&gpp=&gpp_sid=:0
[   17120ms] [ERROR] Failed to load resource: the server responded with a status of 400 () @ https://eb2.3lift.com/getuid?redir=https%3A%2F%2Fsyncingbridge.com%2FuserBack%3Fuid%3D%24UID%26p%3D2&gdpr=0&gdpr_consent=us_privacy={{US_PRIVACY}}:0
[   25473ms] [ERROR] Failed to load resource: net::ERR_TOO_MANY_REDIRECTS @ https://ads.servenobid.com/sync?pid=310&uid=Mm964PZHP4EcNKBEStCXOiX_&redirect=https%3A%2F%2Fads.servenobid.com%2Fgetsync%3Fjp%3D5%26redirect%3Dhttps%253A%252F%252Fsync.pmbmonetize.live%252Fpsync%253Ft%253Dd%2526e%253D92%2526u%253D%2524UID%2526clp%253DaHR0cHM6Ly9jZS5saWppdC5jb20vbWVyZ2U_cGlkPTEyNCYzcGlkPSVVU0VSX0lEJQ:0
[   34794ms] [ERROR] Failed to load resource: net::ERR_CONNECTION_CLOSED @ https://cs.iqzone.com/1092f8787f1b733028860f25be048027.gif?puid=29c3a067-fe96-44d3-af5d-a67839c5ec60&redir=https%3A%2F%2Fms-cookie-sync.presage.io%2Fuser-sync%3Fiqzone_id%3D%5BUID%5D%26gdpr%3D0%26gdpr_consent%3Dus_privacy=%7b%7bUS_PRIVACY%7d%7d&gdpr=0&gdpr_consent=us_privacy=%7b%7bUS_PRIVACY%7d%7d:0
[   35808ms] [ERROR] Failed to load resource: net::ERR_CONNECTION_CLOSED @ https://cs.afront.io/oveeo_dsp_east_2258?redir=https%3A%2F%2Ftracker.rtb-oveeo.com%2Fsync%3Fid%3D217%26uid%3D%7BYOUR_USER_ID%7D&gdpr=%%gdpr%%&gdpr_consent=%%gdprConsent%%&us_privacy=%%usPrivacy%%&coppa=%%coppa%%&uid=[UID]:0
[   44186ms] [LOG] Forcing PubMatic:   @ https://cadmus.script.ac/d2uap9jskdzp2/script.js:0
[   44207ms] [WARNING] [GSI_LOGGER]: Your client application uses one of the Google One Tap prompt UI status methods that may stop functioning when FedCM becomes mandatory. Refer to the migration guide to update your code accordingly and opt-in to FedCM to test your changes. Learn more: https://developers.google.com/identity/gsi/web/guides/fedcm-migration?s=dc#display_moment and https://developers.google.com/identity/gsi/web/guides/fedcm-migration?s=dc#skipped_moment @ https://accounts.google.com/gsi/client:84
[   44245ms] [ERROR] Not signed in with the identity provider. @ https://edition.cnn.com/2026/05/04/europe/putin-russia-security-intelligence-intl:0
[   16715ms] [ERROR] Failed to load resource: net::ERR_HTTP2_SERVER_REFUSED_STREAM @ https://cs.admanmedia.com/081735c92c4aa336da0b87ec328727ee.gif?redir=https%3A%2F%2Fssp.api.tappx.com%2Fcs%2Fusync%3Fidmn%3D231%26type%3Diframe%26id%3D%5BUID%5D%26auxuid%3D&gdpr=0&gdpr_consent=&ccpa={{CCPA}}&coppa={{COPPA}}:0
[   77980ms] [ERROR] [GSI_LOGGER]: FedCM get() rejects with NetworkError: Error retrieving a token. @ https://accounts.google.com/gsi/client:85
