[    2699ms] [LOG] AdFuelError event fired: CustomEvent @ https://edition.cnn.com/media/sites/js/bundles/cnn-edition-adfuel-body-4f5702656cd8f4223620039026c7c6ddef28fe7bd21467289a55cfecc58ecf1f.min.js:0
[    2777ms] [WARNING] [GPT] PubAdsService.setTargeting is deprecated, use googletag.setConfig({targeting: ...}) instead.
https://goo.gle/gpt-message#170 @ https://securepubads.g.doubleclick.net/pagead/managed/js/gpt/m202604290101/pubads_impl.js?cb=31098182:18
[    2781ms] [WARNING] %c >>> %c[Prebid 5.01.029 TS]  background: orange;color: black color: #58f53f; padding: 2px getKvp miss: vendor="GUMGUM" configKey="PRODUCT" rocketeerKeyPath="INTL › DESKTOP › ROS › BNR › ATF › 01" (empty config slice — check vendor JSON / MAPPINGS) {vendor: GUMGUM, paramKey: undefined, configKey: PRODUCT, rocketeerKeyPath: INTL › DESKTOP › ROS › BNR › ATF › 01, config: Object} @ https://edition.cnn.com/media/sites/js/bundles/cnn-edition-adfuel-e30d4ed1f85bf55b7e150ee7e8bce42e790935484c341b93025c175bfac82243.min.js:0
[    2792ms] [WARNING] %c >>> %c[Prebid 5.01.029 TS]  background: orange;color: black color: #58f53f; padding: 2px getKvp miss: vendor="PUBMATIC" paramKey="adSlot" configKey="MAPPINGS" rocketeerKeyPath="INTL › DESKTOP › DISPLAY › ROS › BNR › ATF › 01" (config slice has 2 root keys: DOM, INTL) {vendor: PUBMATIC, paramKey: adSlot, configKey: MAPPINGS, rocketeerKeyPath: INTL › DESKTOP › DISPLAY › ROS › BNR › ATF › 01, config: Object} @ https://edition.cnn.com/media/sites/js/bundles/cnn-edition-adfuel-e30d4ed1f85bf55b7e150ee7e8bce42e790935484c341b93025c175bfac82243.min.js:0
[    2795ms] [WARNING] %c >>> %c[Prebid 5.01.029 TS]  background: orange;color: black color: #58f53f; padding: 2px getKvp miss: vendor="SHARETHROUGH" paramKey="pkey" configKey="UNIT_MAPPING" rocketeerKeyPath="INTL › DESKTOP › DISPLAY › ROS › BNR › ATF › 01 › 970x90" (config slice has 2 root keys: DOM, INTL) {vendor: SHARETHROUGH, paramKey: pkey, configKey: UNIT_MAPPING, rocketeerKeyPath: INTL › DESKTOP › DISPLAY › ROS › BNR › ATF › 01 › 970x90, config: Object} @ https://edition.cnn.com/media/sites/js/bundles/cnn-edition-adfuel-e30d4ed1f85bf55b7e150ee7e8bce42e790935484c341b93025c175bfac82243.min.js:0
[    2812ms] [LOG] Ad Slots:  {active: Array(1), adSlots: Array(1)} @ https://cadmus.script.ac/d2uap9jskdzp2/script.js:0
[    2911ms] [ERROR] Attestation check for Protected Audience on https://fastlane.rubiconproject.com failed. @ https://edition.cnn.com/2026/05/04/europe/putin-russia-security-intelligence-intl:0
[    2912ms] [ERROR] Attestation check for Protected Audience on https://htlb.casalemedia.com failed. @ https://edition.cnn.com/2026/05/04/europe/putin-russia-security-intelligence-intl:0
[    2912ms] [ERROR] Attestation check for Protected Audience on https://ib.adnxs.com failed. @ https://edition.cnn.com/2026/05/04/europe/putin-russia-security-intelligence-intl:0
[    2912ms] [ERROR] Attestation check for Protected Audience on https://grid-bidder.criteo.com failed. @ https://edition.cnn.com/2026/05/04/europe/putin-russia-security-intelligence-intl:0
[    2912ms] [ERROR] Attestation check for Protected Audience on https://btlr.sharethrough.com failed. @ https://edition.cnn.com/2026/05/04/europe/putin-russia-security-intelligence-intl:0
[    2912ms] [ERROR] Attestation check for Protected Audience on https://btlr.sharethrough.com failed. @ https://edition.cnn.com/2026/05/04/europe/putin-russia-security-intelligence-intl:0
[    2912ms] [ERROR] Attestation check for Protected Audience on https://a.teads.tv failed. @ https://edition.cnn.com/2026/05/04/europe/putin-russia-security-intelligence-intl:0
[    2912ms] [ERROR] Attestation check for Protected Audience on https://direct.adsrvr.org failed. @ https://edition.cnn.com/2026/05/04/europe/putin-russia-security-intelligence-intl:0
[    2912ms] [ERROR] Attestation check for Protected Audience on https://elb.the-ozone-project.com failed. @ https://edition.cnn.com/2026/05/04/europe/putin-russia-security-intelligence-intl:0
[    2915ms] [ERROR] Attestation check for Protected Audience on https://g2.gumgum.com failed. @ https://edition.cnn.com/2026/05/04/europe/putin-russia-security-intelligence-intl:0
[    2918ms] [ERROR] Attestation check for Protected Audience on https://hbopenbid.pubmatic.com failed. @ https://edition.cnn.com/2026/05/04/europe/putin-russia-security-intelligence-intl:0
[    3403ms] [LOG] CEP Topic Collection:  [Object, Object, Object, Object, Object, Object, Object, Object, Object, Object, Object, Object, Object, Object, Object, Object, Object, Object, Object, Object, Object, Object, Object, Object, Object, Object, Object, Object, Object, Object, Object, Object, Object, Object, Object, Object] @ https://cadmus.script.ac/d2uap9jskdzp2/script.js:0
[    3854ms] [WARNING] [GPT] Slot.setTargeting is deprecated, use Slot.setConfig({targeting: ...}) instead.
https://goo.gle/gpt-message#171 @ https://securepubads.g.doubleclick.net/pagead/managed/js/gpt/m202604290101/pubads_impl.js?cb=31098182:18
[    4176ms] [WARNING] An iframe which has both allow-scripts and allow-same-origin for its sandbox attribute can escape its sandboxing. @ https://cadmus.script.ac/d2uap9jskdzp2/script.js:0
[    4192ms] [WARNING] An iframe which has both allow-scripts and allow-same-origin for its sandbox attribute can escape its sandboxing. @ https://cadmus.script.ac/d2uap9jskdzp2/script.js:0
[    4238ms] [WARNING] %c >>> %c[Prebid 5.01.029 TS]  background: orange;color: black color: #58f53f; padding: 2px getKvp miss: vendor="GUMGUM" configKey="PRODUCT" rocketeerKeyPath="INTL › DESKTOP › ROS › BNR › ATF › 01" (empty config slice — check vendor JSON / MAPPINGS) {vendor: GUMGUM, paramKey: undefined, configKey: PRODUCT, rocketeerKeyPath: INTL › DESKTOP › ROS › BNR › ATF › 01, config: Object} @ https://edition.cnn.com/media/sites/js/bundles/cnn-edition-adfuel-e30d4ed1f85bf55b7e150ee7e8bce42e790935484c341b93025c175bfac82243.min.js:0
[    4246ms] [WARNING] %c >>> %c[Prebid 5.01.029 TS]  background: orange;color: black color: #58f53f; padding: 2px getKvp miss: vendor="PUBMATIC" paramKey="adSlot" configKey="MAPPINGS" rocketeerKeyPath="INTL › DESKTOP › DISPLAY › ROS › BNR › ATF › 01" (config slice has 2 root keys: DOM, INTL) {vendor: PUBMATIC, paramKey: adSlot, configKey: MAPPINGS, rocketeerKeyPath: INTL › DESKTOP › DISPLAY › ROS › BNR › ATF › 01, config: Object} @ https://edition.cnn.com/media/sites/js/bundles/cnn-edition-adfuel-e30d4ed1f85bf55b7e150ee7e8bce42e790935484c341b93025c175bfac82243.min.js:0
[    4250ms] [WARNING] %c >>> %c[Prebid 5.01.029 TS]  background: orange;color: black color: #58f53f; padding: 2px getKvp miss: vendor="SHARETHROUGH" paramKey="pkey" configKey="UNIT_MAPPING" rocketeerKeyPath="INTL › DESKTOP › DISPLAY › ROS › BNR › ATF › 01 › 970x90" (config slice has 2 root keys: DOM, INTL) {vendor: SHARETHROUGH, paramKey: pkey, configKey: UNIT_MAPPING, rocketeerKeyPath: INTL › DESKTOP › DISPLAY › ROS › BNR › ATF › 01 › 970x90, config: Object} @ https://edition.cnn.com/media/sites/js/bundles/cnn-edition-adfuel-e30d4ed1f85bf55b7e150ee7e8bce42e790935484c341b93025c175bfac82243.min.js:0
[    4275ms] [LOG] Ad Slots:  {active: Array(0), adSlots: Array(1)} @ https://cadmus.script.ac/d2uap9jskdzp2/script.js:0
[    4294ms] [ERROR] Attestation check for Protected Audience on https://g2.gumgum.com failed. @ https://edition.cnn.com/2026/05/04/europe/putin-russia-security-intelligence-intl:0
[    4295ms] [ERROR] Attestation check for Protected Audience on https://htlb.casalemedia.com failed. @ https://edition.cnn.com/2026/05/04/europe/putin-russia-security-intelligence-intl:0
[    4295ms] [ERROR] Attestation check for Protected Audience on https://btlr.sharethrough.com failed. @ https://edition.cnn.com/2026/05/04/europe/putin-russia-security-intelligence-intl:0
[    4295ms] [ERROR] Attestation check for Protected Audience on https://btlr.sharethrough.com failed. @ https://edition.cnn.com/2026/05/04/europe/putin-russia-security-intelligence-intl:0
[    4295ms] [ERROR] Attestation check for Protected Audience on https://btlr.sharethrough.com failed. @ https://edition.cnn.com/2026/05/04/europe/putin-russia-security-intelligence-intl:0
[    4295ms] [ERROR] Attestation check for Protected Audience on https://btlr.sharethrough.com failed. @ https://edition.cnn.com/2026/05/04/europe/putin-russia-security-intelligence-intl:0
[    4295ms] [ERROR] Attestation check for Protected Audience on https://a.teads.tv failed. @ https://edition.cnn.com/2026/05/04/europe/putin-russia-security-intelligence-intl:0
[    4295ms] [ERROR] Attestation check for Protected Audience on https://grid-bidder.criteo.com failed. @ https://edition.cnn.com/2026/05/04/europe/putin-russia-security-intelligence-intl:0
[    4295ms] [ERROR] Attestation check for Protected Audience on https://ib.adnxs.com failed. @ https://edition.cnn.com/2026/05/04/europe/putin-russia-security-intelligence-intl:0
[    4295ms] [ERROR] Attestation check for Protected Audience on https://elb.the-ozone-project.com failed. @ https://edition.cnn.com/2026/05/04/europe/putin-russia-security-intelligence-intl:0
[    4295ms] [ERROR] Attestation check for Protected Audience on https://direct.adsrvr.org failed. @ https://edition.cnn.com/2026/05/04/europe/putin-russia-security-intelligence-intl:0
[    4295ms] [ERROR] Attestation check for Protected Audience on https://hbopenbid.pubmatic.com failed. @ https://edition.cnn.com/2026/05/04/europe/putin-russia-security-intelligence-intl:0
[    4296ms] [ERROR] Attestation check for Protected Audience on https://g2.gumgum.com failed. @ https://edition.cnn.com/2026/05/04/europe/putin-russia-security-intelligence-intl:0
[    4296ms] [ERROR] Attestation check for Protected Audience on https://fastlane.rubiconproject.com failed. @ https://edition.cnn.com/2026/05/04/europe/putin-russia-security-intelligence-intl:0
[    4296ms] [ERROR] Attestation check for Protected Audience on https://fastlane.rubiconproject.com failed. @ https://edition.cnn.com/2026/05/04/europe/putin-russia-security-intelligence-intl:0
[    4372ms] [ERROR] Attestation check for Shared Storage on https://www.googleadservices.com failed. @ https://www.googleadservices.com/pagead/managed/js/activeview/current/reach_worklet.html:0
[    5886ms] [TIMEEND] a: 0 ms @ https://static.adsafeprotected.com/sca.17.6.4.js:31
[    8252ms] [ERROR] Failed to load resource: net::ERR_CONNECTION_CLOSED @ https://visitor.omnitagjs.com/visitor/sync?uid=3496f2c9155784213a7b528f78bb441a&visitor=MOQYVQPK-13-8XC5&name=RUBICON&us_privacy=1---:0
[   14009ms] [LOG] Forcing PubMatic:   @ https://cadmus.script.ac/d2uap9jskdzp2/script.js:0
[   14027ms] [WARNING] [GSI_LOGGER]: Your client application uses one of the Google One Tap prompt UI status methods that may stop functioning when FedCM becomes mandatory. Refer to the migration guide to update your code accordingly and opt-in to FedCM to test your changes. Learn more: https://developers.google.com/identity/gsi/web/guides/fedcm-migration?s=dc#display_moment and https://developers.google.com/identity/gsi/web/guides/fedcm-migration?s=dc#skipped_moment @ https://accounts.google.com/gsi/client:84
[   14070ms] [ERROR] Not signed in with the identity provider. @ https://edition.cnn.com/2026/05/04/europe/putin-russia-security-intelligence-intl:0
[   15020ms] [ERROR] Refused to execute script from 'https://idsync.rlcdn.com/362358.gif?google_gid=CAESEKWLX2CeJPRxk9YQDbm11TQ&google_cver=1' because its MIME type ('image/gif') is not executable. @ https://edition.cnn.com/2026/05/04/europe/putin-russia-security-intelligence-intl:0
[   15022ms] [ERROR] [GSI_LOGGER]: FedCM get() rejects with NetworkError: Error retrieving a token. @ https://accounts.google.com/gsi/client:85
[  474440ms] [WARNING] %c >>> %c[Prebid 5.01.029 TS]  background: orange;color: black color: #58f53f; padding: 2px getKvp miss: vendor="GUMGUM" configKey="PRODUCT" rocketeerKeyPath="INTL › DESKTOP › ROS › RIGHT › ATF › 01" (empty config slice — check vendor JSON / MAPPINGS) {vendor: GUMGUM, paramKey: undefined, configKey: PRODUCT, rocketeerKeyPath: INTL › DESKTOP › ROS › RIGHT › ATF › 01, config: Object} @ https://edition.cnn.com/media/sites/js/bundles/cnn-edition-adfuel-e30d4ed1f85bf55b7e150ee7e8bce42e790935484c341b93025c175bfac82243.min.js:0
[  474486ms] [WARNING] %c >>> %c[Prebid 5.01.029 TS]  background: orange;color: black color: #58f53f; padding: 2px getKvp miss: vendor="OZONE" configKey="PLACEMENT_ID" rocketeerKeyPath="INTL › DESKTOP › DISPLAY › ROS › RIGHT › ATF › 01 › 300x600" (config slice has 2 root keys: DOM, INTL) {vendor: OZONE, paramKey: undefined, configKey: PLACEMENT_ID, rocketeerKeyPath: INTL › DESKTOP › DISPLAY › ROS › RIGHT › ATF › 01 › 300x600, config: Object} @ https://edition.cnn.com/media/sites/js/bundles/cnn-edition-adfuel-e30d4ed1f85bf55b7e150ee7e8bce42e790935484c341b93025c175bfac82243.min.js:0
[  474490ms] [WARNING] %c >>> %c[Prebid 5.01.029 TS]  background: orange;color: black color: #58f53f; padding: 2px getKvp miss: vendor="PUBMATIC" paramKey="adSlot" configKey="MAPPINGS" rocketeerKeyPath="INTL › DESKTOP › DISPLAY › ROS › RIGHT › ATF › 01" (config slice has 2 root keys: DOM, INTL) {vendor: PUBMATIC, paramKey: adSlot, configKey: MAPPINGS, rocketeerKeyPath: INTL › DESKTOP › DISPLAY › ROS › RIGHT › ATF › 01, config: Object} @ https://edition.cnn.com/media/sites/js/bundles/cnn-edition-adfuel-e30d4ed1f85bf55b7e150ee7e8bce42e790935484c341b93025c175bfac82243.min.js:0
[  474548ms] [LOG] Ad Slots:  {active: Array(1), adSlots: Array(2)} @ https://cadmus.script.ac/d2uap9jskdzp2/script.js:0
[  474559ms] [ERROR] Attestation check for Protected Audience on https://a.teads.tv failed. @ https://edition.cnn.com/2026/05/04/europe/putin-russia-security-intelligence-intl:0
[  474560ms] [ERROR] Attestation check for Protected Audience on https://btlr.sharethrough.com failed. @ https://edition.cnn.com/2026/05/04/europe/putin-russia-security-intelligence-intl:0
[  474560ms] [ERROR] Attestation check for Protected Audience on https://btlr.sharethrough.com failed. @ https://edition.cnn.com/2026/05/04/europe/putin-russia-security-intelligence-intl:0
[  474560ms] [ERROR] Attestation check for Protected Audience on https://g2.gumgum.com failed. @ https://edition.cnn.com/2026/05/04/europe/putin-russia-security-intelligence-intl:0
[  474560ms] [ERROR] Attestation check for Protected Audience on https://ib.adnxs.com failed. @ https://edition.cnn.com/2026/05/04/europe/putin-russia-security-intelligence-intl:0
[  474560ms] [ERROR] Attestation check for Protected Audience on https://htlb.casalemedia.com failed. @ https://edition.cnn.com/2026/05/04/europe/putin-russia-security-intelligence-intl:0
[  474560ms] [ERROR] Attestation check for Protected Audience on https://grid-bidder.criteo.com failed. @ https://edition.cnn.com/2026/05/04/europe/putin-russia-security-intelligence-intl:0
[  474560ms] [ERROR] Attestation check for Protected Audience on https://fastlane.rubiconproject.com failed. @ https://edition.cnn.com/2026/05/04/europe/putin-russia-security-intelligence-intl:0
[  474560ms] [ERROR] Attestation check for Protected Audience on https://elb.the-ozone-project.com failed. @ https://edition.cnn.com/2026/05/04/europe/putin-russia-security-intelligence-intl:0
[  474560ms] [ERROR] Attestation check for Protected Audience on https://direct.adsrvr.org failed. @ https://edition.cnn.com/2026/05/04/europe/putin-russia-security-intelligence-intl:0
[  474563ms] [ERROR] Attestation check for Protected Audience on https://hbopenbid.pubmatic.com failed. @ https://edition.cnn.com/2026/05/04/europe/putin-russia-security-intelligence-intl:0
[  475900ms] [WARNING] An iframe which has both allow-scripts and allow-same-origin for its sandbox attribute can escape its sandboxing. @ https://cadmus.script.ac/d2uap9jskdzp2/script.js:0
[  475950ms] [WARNING] [GPT] Slot ad_right_atf_01 rendered inside of the viewport.
https://goo.gle/gpt-message#169 @ https://securepubads.g.doubleclick.net/pagead/managed/js/gpt/m202604290101/pubads_impl.js?cb=31098182:18
[    4372ms] [ERROR] Attestation check for Shared Storage on https://www.googleadservices.com failed. @ https://www.googleadservices.com/pagead/managed/js/activeview/current/reach_worklet.html:0
[  476093ms] [ERROR] Attestation check for Shared Storage on https://www.googleadservices.com failed. @ https://www.googleadservices.com/pagead/managed/js/activeview/current/reach_worklet.html:0
[  552655ms] [LOG] AdFuelError event fired: CustomEvent @ https://edition.cnn.com/media/sites/js/bundles/business-edition-adfuel-body-895c52e607d386cbb004189cd45b3dfa0474754ecf85e827e20644e59114ca35.min.js:0
[  552695ms] [LOG] CEP Topic Collection:  [Object, Object, Object, Object, Object, Object, Object, Object, Object, Object, Object, Object, Object, Object, Object, Object, Object, Object, Object, Object, Object, Object, Object, Object, Object, Object, Object, Object, Object, Object, Object, Object] @ https://edition.cnn.com/media/sites/js/bundles/business-edition-adfuel-d7d95417e5962689e665159ee950b291de25c3e93efea4904bdcac14ea932e59.min.js:0
[  553024ms] [WARNING] [GPT] PubAdsService.setTargeting is deprecated, use googletag.setConfig({targeting: ...}) instead.
https://goo.gle/gpt-message#170 @ https://securepubads.g.doubleclick.net/pagead/managed/js/gpt/m202604290101/pubads_impl.js?cb=31098182:18
[  553033ms] [WARNING] %c >>> %c[Prebid 5.01.029 TS]  background: orange;color: black color: #58f53f; padding: 2px getKvp miss: vendor="GUMGUM" configKey="PRODUCT" rocketeerKeyPath="INTL › DESKTOP › ROS › BNR › ATF › 01" (empty config slice — check vendor JSON / MAPPINGS) {vendor: GUMGUM, paramKey: undefined, configKey: PRODUCT, rocketeerKeyPath: INTL › DESKTOP › ROS › BNR › ATF › 01, config: Object} @ https://edition.cnn.com/media/sites/js/bundles/business-edition-adfuel-d7d95417e5962689e665159ee950b291de25c3e93efea4904bdcac14ea932e59.min.js:0
[  553076ms] [WARNING] %c >>> %c[Prebid 5.01.029 TS]  background: orange;color: black color: #58f53f; padding: 2px getKvp miss: vendor="PUBMATIC" paramKey="adSlot" configKey="MAPPINGS" rocketeerKeyPath="INTL › DESKTOP › DISPLAY › ROS › BNR › ATF › 01" (config slice has 2 root keys: DOM, INTL) {vendor: PUBMATIC, paramKey: adSlot, configKey: MAPPINGS, rocketeerKeyPath: INTL › DESKTOP › DISPLAY › ROS › BNR › ATF › 01, config: Object} @ https://edition.cnn.com/media/sites/js/bundles/business-edition-adfuel-d7d95417e5962689e665159ee950b291de25c3e93efea4904bdcac14ea932e59.min.js:0
[  553092ms] [WARNING] %c >>> %c[Prebid 5.01.029 TS]  background: orange;color: black color: #58f53f; padding: 2px getKvp miss: vendor="SHARETHROUGH" paramKey="pkey" configKey="UNIT_MAPPING" rocketeerKeyPath="INTL › DESKTOP › DISPLAY › ROS › BNR › ATF › 01 › 970x90" (config slice has 2 root keys: DOM, INTL) {vendor: SHARETHROUGH, paramKey: pkey, configKey: UNIT_MAPPING, rocketeerKeyPath: INTL › DESKTOP › DISPLAY › ROS › BNR › ATF › 01 › 970x90, config: Object} @ https://edition.cnn.com/media/sites/js/bundles/business-edition-adfuel-d7d95417e5962689e665159ee950b291de25c3e93efea4904bdcac14ea932e59.min.js:0
[  553123ms] [LOG] Ad Slots:  {active: Array(1), adSlots: Array(1)} @ https://cadmus.script.ac/d2uap9jskdzp2/script.js:0
[  553137ms] [ERROR] Attestation check for Protected Audience on https://htlb.casalemedia.com failed. @ https://edition.cnn.com/2026/05/02/business/putin-wartime-economy-mall-workers-intl-cmd:0
[  553137ms] [ERROR] Attestation check for Protected Audience on https://fastlane.rubiconproject.com failed. @ https://edition.cnn.com/2026/05/02/business/putin-wartime-economy-mall-workers-intl-cmd:0
[  553137ms] [ERROR] Attestation check for Protected Audience on https://direct.adsrvr.org failed. @ https://edition.cnn.com/2026/05/02/business/putin-wartime-economy-mall-workers-intl-cmd:0
[  553137ms] [ERROR] Attestation check for Protected Audience on https://g2.gumgum.com failed. @ https://edition.cnn.com/2026/05/02/business/putin-wartime-economy-mall-workers-intl-cmd:0
[  553137ms] [ERROR] Attestation check for Protected Audience on https://btlr.sharethrough.com failed. @ https://edition.cnn.com/2026/05/02/business/putin-wartime-economy-mall-workers-intl-cmd:0
[  553137ms] [ERROR] Attestation check for Protected Audience on https://btlr.sharethrough.com failed. @ https://edition.cnn.com/2026/05/02/business/putin-wartime-economy-mall-workers-intl-cmd:0
[  553137ms] [ERROR] Attestation check for Protected Audience on https://grid-bidder.criteo.com failed. @ https://edition.cnn.com/2026/05/02/business/putin-wartime-economy-mall-workers-intl-cmd:0
[  553137ms] [ERROR] Attestation check for Protected Audience on https://a.teads.tv failed. @ https://edition.cnn.com/2026/05/02/business/putin-wartime-economy-mall-workers-intl-cmd:0
[  553137ms] [ERROR] Attestation check for Protected Audience on https://elb.the-ozone-project.com failed. @ https://edition.cnn.com/2026/05/02/business/putin-wartime-economy-mall-workers-intl-cmd:0
[  553137ms] [ERROR] Attestation check for Protected Audience on https://ib.adnxs.com failed. @ https://edition.cnn.com/2026/05/02/business/putin-wartime-economy-mall-workers-intl-cmd:0
[  553294ms] [ERROR] Attestation check for Protected Audience on https://hbopenbid.pubmatic.com failed. @ https://edition.cnn.com/2026/05/02/business/putin-wartime-economy-mall-workers-intl-cmd:0
[  553877ms] [WARNING] [GPT] Slot.setTargeting is deprecated, use Slot.setConfig({targeting: ...}) instead.
https://goo.gle/gpt-message#171 @ https://securepubads.g.doubleclick.net/pagead/managed/js/gpt/m202604290101/pubads_impl.js?cb=31098182:18
[  554292ms] [WARNING] An iframe which has both allow-scripts and allow-same-origin for its sandbox attribute can escape its sandboxing. @ https://cadmus.script.ac/d2uap9jskdzp2/script.js:0
[  554304ms] [WARNING] An iframe which has both allow-scripts and allow-same-origin for its sandbox attribute can escape its sandboxing. @ https://cadmus.script.ac/d2uap9jskdzp2/script.js:0
[  554384ms] [WARNING] %c >>> %c[Prebid 5.01.029 TS]  background: orange;color: black color: #58f53f; padding: 2px getKvp miss: vendor="GUMGUM" configKey="PRODUCT" rocketeerKeyPath="INTL › DESKTOP › ROS › BNR › ATF › 01" (empty config slice — check vendor JSON / MAPPINGS) {vendor: GUMGUM, paramKey: undefined, configKey: PRODUCT, rocketeerKeyPath: INTL › DESKTOP › ROS › BNR › ATF › 01, config: Object} @ https://edition.cnn.com/media/sites/js/bundles/business-edition-adfuel-d7d95417e5962689e665159ee950b291de25c3e93efea4904bdcac14ea932e59.min.js:0
[  554430ms] [WARNING] %c >>> %c[Prebid 5.01.029 TS]  background: orange;color: black color: #58f53f; padding: 2px getKvp miss: vendor="PUBMATIC" paramKey="adSlot" configKey="MAPPINGS" rocketeerKeyPath="INTL › DESKTOP › DISPLAY › ROS › BNR › ATF › 01" (config slice has 2 root keys: DOM, INTL) {vendor: PUBMATIC, paramKey: adSlot, configKey: MAPPINGS, rocketeerKeyPath: INTL › DESKTOP › DISPLAY › ROS › BNR › ATF › 01, config: Object} @ https://edition.cnn.com/media/sites/js/bundles/business-edition-adfuel-d7d95417e5962689e665159ee950b291de25c3e93efea4904bdcac14ea932e59.min.js:0
[  554445ms] [WARNING] %c >>> %c[Prebid 5.01.029 TS]  background: orange;color: black color: #58f53f; padding: 2px getKvp miss: vendor="SHARETHROUGH" paramKey="pkey" configKey="UNIT_MAPPING" rocketeerKeyPath="INTL › DESKTOP › DISPLAY › ROS › BNR › ATF › 01 › 970x90" (config slice has 2 root keys: DOM, INTL) {vendor: SHARETHROUGH, paramKey: pkey, configKey: UNIT_MAPPING, rocketeerKeyPath: INTL › DESKTOP › DISPLAY › ROS › BNR › ATF › 01 › 970x90, config: Object} @ https://edition.cnn.com/media/sites/js/bundles/business-edition-adfuel-d7d95417e5962689e665159ee950b291de25c3e93efea4904bdcac14ea932e59.min.js:0
[  554478ms] [LOG] Ad Slots:  {active: Array(0), adSlots: Array(1)} @ https://cadmus.script.ac/d2uap9jskdzp2/script.js:0
[  554484ms] [WARNING] %c >>> %c[Prebid 5.01.029 TS]  background: orange;color: black color: #58f53f; padding: 2px getKvp miss: vendor="GUMGUM" configKey="PRODUCT" rocketeerKeyPath="INTL › DESKTOP › ROS › RIGHT › ATF › 01" (empty config slice — check vendor JSON / MAPPINGS) {vendor: GUMGUM, paramKey: undefined, configKey: PRODUCT, rocketeerKeyPath: INTL › DESKTOP › ROS › RIGHT › ATF › 01, config: Object} @ https://edition.cnn.com/media/sites/js/bundles/business-edition-adfuel-d7d95417e5962689e665159ee950b291de25c3e93efea4904bdcac14ea932e59.min.js:0
[  554513ms] [WARNING] %c >>> %c[Prebid 5.01.029 TS]  background: orange;color: black color: #58f53f; padding: 2px getKvp miss: vendor="PUBMATIC" paramKey="adSlot" configKey="MAPPINGS" rocketeerKeyPath="INTL › DESKTOP › DISPLAY › ROS › RIGHT › ATF › 01" (config slice has 2 root keys: DOM, INTL) {vendor: PUBMATIC, paramKey: adSlot, configKey: MAPPINGS, rocketeerKeyPath: INTL › DESKTOP › DISPLAY › ROS › RIGHT › ATF › 01, config: Object} @ https://edition.cnn.com/media/sites/js/bundles/business-edition-adfuel-d7d95417e5962689e665159ee950b291de25c3e93efea4904bdcac14ea932e59.min.js:0
[  554542ms] [LOG] Ad Slots:  {active: Array(1), adSlots: Array(2)} @ https://cadmus.script.ac/d2uap9jskdzp2/script.js:0
[  554559ms] [ERROR] Attestation check for Protected Audience on https://grid-bidder.criteo.com failed. @ https://edition.cnn.com/2026/05/02/business/putin-wartime-economy-mall-workers-intl-cmd:0
[  554559ms] [ERROR] Attestation check for Protected Audience on https://fastlane.rubiconproject.com failed. @ https://edition.cnn.com/2026/05/02/business/putin-wartime-economy-mall-workers-intl-cmd:0
[  554559ms] [ERROR] Attestation check for Protected Audience on https://elb.the-ozone-project.com failed. @ https://edition.cnn.com/2026/05/02/business/putin-wartime-economy-mall-workers-intl-cmd:0
[  554559ms] [ERROR] Attestation check for Protected Audience on https://ib.adnxs.com failed. @ https://edition.cnn.com/2026/05/02/business/putin-wartime-economy-mall-workers-intl-cmd:0
[  554559ms] [ERROR] Attestation check for Protected Audience on https://direct.adsrvr.org failed. @ https://edition.cnn.com/2026/05/02/business/putin-wartime-economy-mall-workers-intl-cmd:0
[  554559ms] [ERROR] Attestation check for Protected Audience on https://htlb.casalemedia.com failed. @ https://edition.cnn.com/2026/05/02/business/putin-wartime-economy-mall-workers-intl-cmd:0
[  554559ms] [ERROR] Attestation check for Protected Audience on https://a.teads.tv failed. @ https://edition.cnn.com/2026/05/02/business/putin-wartime-economy-mall-workers-intl-cmd:0
[  554559ms] [ERROR] Attestation check for Protected Audience on https://btlr.sharethrough.com failed. @ https://edition.cnn.com/2026/05/02/business/putin-wartime-economy-mall-workers-intl-cmd:0
[  554559ms] [ERROR] Attestation check for Protected Audience on https://btlr.sharethrough.com failed. @ https://edition.cnn.com/2026/05/02/business/putin-wartime-economy-mall-workers-intl-cmd:0
[  554559ms] [ERROR] Attestation check for Protected Audience on https://btlr.sharethrough.com failed. @ https://edition.cnn.com/2026/05/02/business/putin-wartime-economy-mall-workers-intl-cmd:0
[  554559ms] [ERROR] Attestation check for Protected Audience on https://btlr.sharethrough.com failed. @ https://edition.cnn.com/2026/05/02/business/putin-wartime-economy-mall-workers-intl-cmd:0
[  554559ms] [ERROR] Attestation check for Protected Audience on https://fastlane.rubiconproject.com failed. @ https://edition.cnn.com/2026/05/02/business/putin-wartime-economy-mall-workers-intl-cmd:0
[  554559ms] [ERROR] Attestation check for Protected Audience on https://g2.gumgum.com failed. @ https://edition.cnn.com/2026/05/02/business/putin-wartime-economy-mall-workers-intl-cmd:0
[  554559ms] [ERROR] Attestation check for Protected Audience on https://g2.gumgum.com failed. @ https://edition.cnn.com/2026/05/02/business/putin-wartime-economy-mall-workers-intl-cmd:0
[  554561ms] [ERROR] Attestation check for Shared Storage on https://www.googleadservices.com failed. @ https://www.googleadservices.com/pagead/managed/js/activeview/current/reach_worklet.html:0
[  554574ms] [ERROR] Attestation check for Protected Audience on https://hbopenbid.pubmatic.com failed. @ https://edition.cnn.com/2026/05/02/business/putin-wartime-economy-mall-workers-intl-cmd:0
[  554607ms] [ERROR] Attestation check for Protected Audience on https://fastlane.rubiconproject.com failed. @ https://edition.cnn.com/2026/05/02/business/putin-wartime-economy-mall-workers-intl-cmd:0
[  554607ms] [ERROR] Attestation check for Protected Audience on https://grid-bidder.criteo.com failed. @ https://edition.cnn.com/2026/05/02/business/putin-wartime-economy-mall-workers-intl-cmd:0
[  554607ms] [ERROR] Attestation check for Protected Audience on https://ib.adnxs.com failed. @ https://edition.cnn.com/2026/05/02/business/putin-wartime-economy-mall-workers-intl-cmd:0
[  554607ms] [ERROR] Attestation check for Protected Audience on https://btlr.sharethrough.com failed. @ https://edition.cnn.com/2026/05/02/business/putin-wartime-economy-mall-workers-intl-cmd:0
[  554607ms] [ERROR] Attestation check for Protected Audience on https://btlr.sharethrough.com failed. @ https://edition.cnn.com/2026/05/02/business/putin-wartime-economy-mall-workers-intl-cmd:0
[  554607ms] [ERROR] Attestation check for Protected Audience on https://htlb.casalemedia.com failed. @ https://edition.cnn.com/2026/05/02/business/putin-wartime-economy-mall-workers-intl-cmd:0
[  554607ms] [ERROR] Attestation check for Protected Audience on https://g2.gumgum.com failed. @ https://edition.cnn.com/2026/05/02/business/putin-wartime-economy-mall-workers-intl-cmd:0
[  554607ms] [ERROR] Attestation check for Protected Audience on https://direct.adsrvr.org failed. @ https://edition.cnn.com/2026/05/02/business/putin-wartime-economy-mall-workers-intl-cmd:0
[  554607ms] [ERROR] Attestation check for Protected Audience on https://elb.the-ozone-project.com failed. @ https://edition.cnn.com/2026/05/02/business/putin-wartime-economy-mall-workers-intl-cmd:0
[  554607ms] [ERROR] Attestation check for Protected Audience on https://a.teads.tv failed. @ https://edition.cnn.com/2026/05/02/business/putin-wartime-economy-mall-workers-intl-cmd:0
[  554609ms] [ERROR] Attestation check for Protected Audience on https://hbopenbid.pubmatic.com failed. @ https://edition.cnn.com/2026/05/02/business/putin-wartime-economy-mall-workers-intl-cmd:0
[  554759ms] [LOG] {adSessionID: c90384c0-7027-47dd-8d2e-6787420bfca4, advertisingIdentifier: null, appSessionId: c90384c0-7027-47dd-8d2e-6787420bfca4, applicationIdentifier: edition.cnn.com, applicationName: cnn} @ https://cadmus.script.ac/d2uap9jskdzp2/script.js:0
[  555372ms] [WARNING] An iframe which has both allow-scripts and allow-same-origin for its sandbox attribute can escape its sandboxing. @ https://cadmus.script.ac/d2uap9jskdzp2/script.js:0
[  554561ms] [ERROR] Attestation check for Shared Storage on https://www.googleadservices.com failed. @ https://www.googleadservices.com/pagead/managed/js/activeview/current/reach_worklet.html:0
[  555510ms] [ERROR] Attestation check for Shared Storage on https://www.googleadservices.com failed. @ https://www.googleadservices.com/pagead/managed/js/activeview/current/reach_worklet.html:0
[  556006ms] [TIMEEND] a: 0.0009765625 ms @ https://static.adsafeprotected.com/sca.17.6.4.js:31
[  556745ms] [LOG] [BL]  [raiseEvent] OnInit{"elementUrl":"https://edition.cnn.com/2026/05/02/business/putin-wartime-economy-mall-workers-intl-cmd"} @ https://cadmus.script.ac/d2uap9jskdzp2/script.js:0
[  556746ms] [LOG] [BL]  [raiseEvent] OnManifestLoadedundefined @ https://cadmus.script.ac/d2uap9jskdzp2/script.js:0
[  563021ms] [LOG] Forcing PubMatic:   @ https://cadmus.script.ac/d2uap9jskdzp2/script.js:0
[  563363ms] [LOG] AdFuelError event fired: CustomEvent @ https://edition.cnn.com/media/sites/js/bundles/cnn-edition-adfuel-body-4f5702656cd8f4223620039026c7c6ddef28fe7bd21467289a55cfecc58ecf1f.min.js:0
[  563465ms] [LOG] CEP Topic Collection:  [Object, Object, Object, Object, Object, Object, Object, Object, Object, Object, Object, Object, Object, Object, Object, Object, Object, Object, Object, Object, Object, Object, Object, Object, Object, Object, Object, Object, Object, Object, Object, Object, Object, Object, Object, Object] @ https://edition.cnn.com/media/sites/js/bundles/cnn-edition-adfuel-e30d4ed1f85bf55b7e150ee7e8bce42e790935484c341b93025c175bfac82243.min.js:0
[  563715ms] [WARNING] [GPT] PubAdsService.setTargeting is deprecated, use googletag.setConfig({targeting: ...}) instead.
https://goo.gle/gpt-message#170 @ https://securepubads.g.doubleclick.net/pagead/managed/js/gpt/m202604290101/pubads_impl.js?cb=31098182:18
[  563723ms] [WARNING] %c >>> %c[Prebid 5.01.029 TS]  background: orange;color: black color: #58f53f; padding: 2px getKvp miss: vendor="GUMGUM" configKey="PRODUCT" rocketeerKeyPath="INTL › DESKTOP › ROS › BNR › ATF › 01" (empty config slice — check vendor JSON / MAPPINGS) {vendor: GUMGUM, paramKey: undefined, configKey: PRODUCT, rocketeerKeyPath: INTL › DESKTOP › ROS › BNR › ATF › 01, config: Object} @ https://edition.cnn.com/media/sites/js/bundles/cnn-edition-adfuel-e30d4ed1f85bf55b7e150ee7e8bce42e790935484c341b93025c175bfac82243.min.js:0
[  563774ms] [WARNING] %c >>> %c[Prebid 5.01.029 TS]  background: orange;color: black color: #58f53f; padding: 2px getKvp miss: vendor="PUBMATIC" paramKey="adSlot" configKey="MAPPINGS" rocketeerKeyPath="INTL › DESKTOP › DISPLAY › ROS › BNR › ATF › 01" (config slice has 2 root keys: DOM, INTL) {vendor: PUBMATIC, paramKey: adSlot, configKey: MAPPINGS, rocketeerKeyPath: INTL › DESKTOP › DISPLAY › ROS › BNR › ATF › 01, config: Object} @ https://edition.cnn.com/media/sites/js/bundles/cnn-edition-adfuel-e30d4ed1f85bf55b7e150ee7e8bce42e790935484c341b93025c175bfac82243.min.js:0
[  563790ms] [WARNING] %c >>> %c[Prebid 5.01.029 TS]  background: orange;color: black color: #58f53f; padding: 2px getKvp miss: vendor="SHARETHROUGH" paramKey="pkey" configKey="UNIT_MAPPING" rocketeerKeyPath="INTL › DESKTOP › DISPLAY › ROS › BNR › ATF › 01 › 970x90" (config slice has 2 root keys: DOM, INTL) {vendor: SHARETHROUGH, paramKey: pkey, configKey: UNIT_MAPPING, rocketeerKeyPath: INTL › DESKTOP › DISPLAY › ROS › BNR › ATF › 01 › 970x90, config: Object} @ https://edition.cnn.com/media/sites/js/bundles/cnn-edition-adfuel-e30d4ed1f85bf55b7e150ee7e8bce42e790935484c341b93025c175bfac82243.min.js:0
[  563820ms] [LOG] Ad Slots:  {active: Array(1), adSlots: Array(1)} @ https://cadmus.script.ac/d2uap9jskdzp2/script.js:0
[  563840ms] [ERROR] Attestation check for Protected Audience on https://ib.adnxs.com failed. @ https://edition.cnn.com/2026/05/04/europe/putin-russia-security-intelligence-intl:0
[  563840ms] [ERROR] Attestation check for Protected Audience on https://btlr.sharethrough.com failed. @ https://edition.cnn.com/2026/05/04/europe/putin-russia-security-intelligence-intl:0
[  563840ms] [ERROR] Attestation check for Protected Audience on https://btlr.sharethrough.com failed. @ https://edition.cnn.com/2026/05/04/europe/putin-russia-security-intelligence-intl:0
[  563840ms] [ERROR] Attestation check for Protected Audience on https://htlb.casalemedia.com failed. @ https://edition.cnn.com/2026/05/04/europe/putin-russia-security-intelligence-intl:0
[  563840ms] [ERROR] Attestation check for Protected Audience on https://a.teads.tv failed. @ https://edition.cnn.com/2026/05/04/europe/putin-russia-security-intelligence-intl:0
[  563840ms] [ERROR] Attestation check for Protected Audience on https://g2.gumgum.com failed. @ https://edition.cnn.com/2026/05/04/europe/putin-russia-security-intelligence-intl:0
[  563840ms] [ERROR] Attestation check for Protected Audience on https://grid-bidder.criteo.com failed. @ https://edition.cnn.com/2026/05/04/europe/putin-russia-security-intelligence-intl:0
[  563840ms] [ERROR] Attestation check for Protected Audience on https://direct.adsrvr.org failed. @ https://edition.cnn.com/2026/05/04/europe/putin-russia-security-intelligence-intl:0
[  563840ms] [ERROR] Attestation check for Protected Audience on https://elb.the-ozone-project.com failed. @ https://edition.cnn.com/2026/05/04/europe/putin-russia-security-intelligence-intl:0
[  563840ms] [ERROR] Attestation check for Protected Audience on https://fastlane.rubiconproject.com failed. @ https://edition.cnn.com/2026/05/04/europe/putin-russia-security-intelligence-intl:0
[  563886ms] [ERROR] Attestation check for Protected Audience on https://hbopenbid.pubmatic.com failed. @ https://edition.cnn.com/2026/05/04/europe/putin-russia-security-intelligence-intl:0
[  563957ms] [LOG] Forcing PubMatic:   @ https://cadmus.script.ac/d2uap9jskdzp2/script.js:0
[  563965ms] [WARNING] [GSI_LOGGER]: Your client application uses one of the Google One Tap prompt UI status methods that may stop functioning when FedCM becomes mandatory. Refer to the migration guide to update your code accordingly and opt-in to FedCM to test your changes. Learn more: https://developers.google.com/identity/gsi/web/guides/fedcm-migration?s=dc#display_moment and https://developers.google.com/identity/gsi/web/guides/fedcm-migration?s=dc#skipped_moment @ https://accounts.google.com/gsi/client:84
[  563976ms] [ERROR] Not signed in with the identity provider. @ https://edition.cnn.com/2026/05/04/europe/putin-russia-security-intelligence-intl:0
[  564511ms] [WARNING] [GPT] Slot.setTargeting is deprecated, use Slot.setConfig({targeting: ...}) instead.
https://goo.gle/gpt-message#171 @ https://securepubads.g.doubleclick.net/pagead/managed/js/gpt/m202604290101/pubads_impl.js?cb=31098182:18
[  564820ms] [WARNING] An iframe which has both allow-scripts and allow-same-origin for its sandbox attribute can escape its sandboxing. @ https://cadmus.script.ac/d2uap9jskdzp2/script.js:0
[  564830ms] [WARNING] An iframe which has both allow-scripts and allow-same-origin for its sandbox attribute can escape its sandboxing. @ https://cadmus.script.ac/d2uap9jskdzp2/script.js:0
[  564894ms] [WARNING] %c >>> %c[Prebid 5.01.029 TS]  background: orange;color: black color: #58f53f; padding: 2px getKvp miss: vendor="GUMGUM" configKey="PRODUCT" rocketeerKeyPath="INTL › DESKTOP › ROS › BNR › ATF › 01" (empty config slice — check vendor JSON / MAPPINGS) {vendor: GUMGUM, paramKey: undefined, configKey: PRODUCT, rocketeerKeyPath: INTL › DESKTOP › ROS › BNR › ATF › 01, config: Object} @ https://edition.cnn.com/media/sites/js/bundles/cnn-edition-adfuel-e30d4ed1f85bf55b7e150ee7e8bce42e790935484c341b93025c175bfac82243.min.js:0
[  564935ms] [WARNING] %c >>> %c[Prebid 5.01.029 TS]  background: orange;color: black color: #58f53f; padding: 2px getKvp miss: vendor="PUBMATIC" paramKey="adSlot" configKey="MAPPINGS" rocketeerKeyPath="INTL › DESKTOP › DISPLAY › ROS › BNR › ATF › 01" (config slice has 2 root keys: DOM, INTL) {vendor: PUBMATIC, paramKey: adSlot, configKey: MAPPINGS, rocketeerKeyPath: INTL › DESKTOP › DISPLAY › ROS › BNR › ATF › 01, config: Object} @ https://edition.cnn.com/media/sites/js/bundles/cnn-edition-adfuel-e30d4ed1f85bf55b7e150ee7e8bce42e790935484c341b93025c175bfac82243.min.js:0
[  564952ms] [WARNING] %c >>> %c[Prebid 5.01.029 TS]  background: orange;color: black color: #58f53f; padding: 2px getKvp miss: vendor="SHARETHROUGH" paramKey="pkey" configKey="UNIT_MAPPING" rocketeerKeyPath="INTL › DESKTOP › DISPLAY › ROS › BNR › ATF › 01 › 970x90" (config slice has 2 root keys: DOM, INTL) {vendor: SHARETHROUGH, paramKey: pkey, configKey: UNIT_MAPPING, rocketeerKeyPath: INTL › DESKTOP › DISPLAY › ROS › BNR › ATF › 01 › 970x90, config: Object} @ https://edition.cnn.com/media/sites/js/bundles/cnn-edition-adfuel-e30d4ed1f85bf55b7e150ee7e8bce42e790935484c341b93025c175bfac82243.min.js:0
[  564969ms] [LOG] Ad Slots:  {active: Array(0), adSlots: Array(1)} @ https://cadmus.script.ac/d2uap9jskdzp2/script.js:0
[  564974ms] [WARNING] %c >>> %c[Prebid 5.01.029 TS]  background: orange;color: black color: #58f53f; padding: 2px getKvp miss: vendor="GUMGUM" configKey="PRODUCT" rocketeerKeyPath="INTL › DESKTOP › ROS › RIGHT › ATF › 01" (empty config slice — check vendor JSON / MAPPINGS) {vendor: GUMGUM, paramKey: undefined, configKey: PRODUCT, rocketeerKeyPath: INTL › DESKTOP › ROS › RIGHT › ATF › 01, config: Object} @ https://edition.cnn.com/media/sites/js/bundles/cnn-edition-adfuel-e30d4ed1f85bf55b7e150ee7e8bce42e790935484c341b93025c175bfac82243.min.js:0
[  565005ms] [WARNING] %c >>> %c[Prebid 5.01.029 TS]  background: orange;color: black color: #58f53f; padding: 2px getKvp miss: vendor="OZONE" configKey="PLACEMENT_ID" rocketeerKeyPath="INTL › DESKTOP › DISPLAY › ROS › RIGHT › ATF › 01 › 300x600" (config slice has 2 root keys: DOM, INTL) {vendor: OZONE, paramKey: undefined, configKey: PLACEMENT_ID, rocketeerKeyPath: INTL › DESKTOP › DISPLAY › ROS › RIGHT › ATF › 01 › 300x600, config: Object} @ https://edition.cnn.com/media/sites/js/bundles/cnn-edition-adfuel-e30d4ed1f85bf55b7e150ee7e8bce42e790935484c341b93025c175bfac82243.min.js:0
[  565010ms] [WARNING] %c >>> %c[Prebid 5.01.029 TS]  background: orange;color: black color: #58f53f; padding: 2px getKvp miss: vendor="PUBMATIC" paramKey="adSlot" configKey="MAPPINGS" rocketeerKeyPath="INTL › DESKTOP › DISPLAY › ROS › RIGHT › ATF › 01" (config slice has 2 root keys: DOM, INTL) {vendor: PUBMATIC, paramKey: adSlot, configKey: MAPPINGS, rocketeerKeyPath: INTL › DESKTOP › DISPLAY › ROS › RIGHT › ATF › 01, config: Object} @ https://edition.cnn.com/media/sites/js/bundles/cnn-edition-adfuel-e30d4ed1f85bf55b7e150ee7e8bce42e790935484c341b93025c175bfac82243.min.js:0
[  565033ms] [LOG] Ad Slots:  {active: Array(1), adSlots: Array(2)} @ https://cadmus.script.ac/d2uap9jskdzp2/script.js:0
[  565062ms] [ERROR] Attestation check for Protected Audience on https://ib.adnxs.com failed. @ https://edition.cnn.com/2026/05/04/europe/putin-russia-security-intelligence-intl:0
[  565062ms] [ERROR] Attestation check for Protected Audience on https://fastlane.rubiconproject.com failed. @ https://edition.cnn.com/2026/05/04/europe/putin-russia-security-intelligence-intl:0
[  565062ms] [ERROR] Attestation check for Protected Audience on https://btlr.sharethrough.com failed. @ https://edition.cnn.com/2026/05/04/europe/putin-russia-security-intelligence-intl:0
[  565062ms] [ERROR] Attestation check for Protected Audience on https://btlr.sharethrough.com failed. @ https://edition.cnn.com/2026/05/04/europe/putin-russia-security-intelligence-intl:0
[  565062ms] [ERROR] Attestation check for Protected Audience on https://btlr.sharethrough.com failed. @ https://edition.cnn.com/2026/05/04/europe/putin-russia-security-intelligence-intl:0
[  565062ms] [ERROR] Attestation check for Protected Audience on https://btlr.sharethrough.com failed. @ https://edition.cnn.com/2026/05/04/europe/putin-russia-security-intelligence-intl:0
[  565062ms] [ERROR] Attestation check for Protected Audience on https://a.teads.tv failed. @ https://edition.cnn.com/2026/05/04/europe/putin-russia-security-intelligence-intl:0
[  565062ms] [ERROR] Attestation check for Protected Audience on https://elb.the-ozone-project.com failed. @ https://edition.cnn.com/2026/05/04/europe/putin-russia-security-intelligence-intl:0
[  565062ms] [ERROR] Attestation check for Protected Audience on https://direct.adsrvr.org failed. @ https://edition.cnn.com/2026/05/04/europe/putin-russia-security-intelligence-intl:0
[  565062ms] [ERROR] Attestation check for Protected Audience on https://htlb.casalemedia.com failed. @ https://edition.cnn.com/2026/05/04/europe/putin-russia-security-intelligence-intl:0
[  565062ms] [ERROR] Attestation check for Protected Audience on https://grid-bidder.criteo.com failed. @ https://edition.cnn.com/2026/05/04/europe/putin-russia-security-intelligence-intl:0
[  565062ms] [ERROR] Attestation check for Protected Audience on https://fastlane.rubiconproject.com failed. @ https://edition.cnn.com/2026/05/04/europe/putin-russia-security-intelligence-intl:0
[  565062ms] [ERROR] Attestation check for Protected Audience on https://g2.gumgum.com failed. @ https://edition.cnn.com/2026/05/04/europe/putin-russia-security-intelligence-intl:0
[  565062ms] [ERROR] Attestation check for Protected Audience on https://g2.gumgum.com failed. @ https://edition.cnn.com/2026/05/04/europe/putin-russia-security-intelligence-intl:0
[  565103ms] [ERROR] Attestation check for Protected Audience on https://hbopenbid.pubmatic.com failed. @ https://edition.cnn.com/2026/05/04/europe/putin-russia-security-intelligence-intl:0
[  565115ms] [ERROR] Attestation check for Protected Audience on https://grid-bidder.criteo.com failed. @ https://edition.cnn.com/2026/05/04/europe/putin-russia-security-intelligence-intl:0
[  565116ms] [ERROR] Attestation check for Protected Audience on https://elb.the-ozone-project.com failed. @ https://edition.cnn.com/2026/05/04/europe/putin-russia-security-intelligence-intl:0
[  565116ms] [ERROR] Attestation check for Protected Audience on https://g2.gumgum.com failed. @ https://edition.cnn.com/2026/05/04/europe/putin-russia-security-intelligence-intl:0
[  565116ms] [ERROR] Attestation check for Protected Audience on https://fastlane.rubiconproject.com failed. @ https://edition.cnn.com/2026/05/04/europe/putin-russia-security-intelligence-intl:0
[  565116ms] [ERROR] Attestation check for Protected Audience on https://direct.adsrvr.org failed. @ https://edition.cnn.com/2026/05/04/europe/putin-russia-security-intelligence-intl:0
[  565118ms] [ERROR] Attestation check for Shared Storage on https://www.googleadservices.com failed. @ https://www.googleadservices.com/pagead/managed/js/activeview/current/reach_worklet.html:0
[  565118ms] [ERROR] Attestation check for Protected Audience on https://htlb.casalemedia.com failed. @ https://edition.cnn.com/2026/05/04/europe/putin-russia-security-intelligence-intl:0
[  565118ms] [ERROR] Attestation check for Protected Audience on https://btlr.sharethrough.com failed. @ https://edition.cnn.com/2026/05/04/europe/putin-russia-security-intelligence-intl:0
[  565118ms] [ERROR] Attestation check for Protected Audience on https://btlr.sharethrough.com failed. @ https://edition.cnn.com/2026/05/04/europe/putin-russia-security-intelligence-intl:0
[  565118ms] [ERROR] Attestation check for Protected Audience on https://ib.adnxs.com failed. @ https://edition.cnn.com/2026/05/04/europe/putin-russia-security-intelligence-intl:0
[  565118ms] [ERROR] Attestation check for Protected Audience on https://a.teads.tv failed. @ https://edition.cnn.com/2026/05/04/europe/putin-russia-security-intelligence-intl:0
[  565123ms] [ERROR] Attestation check for Protected Audience on https://hbopenbid.pubmatic.com failed. @ https://edition.cnn.com/2026/05/04/europe/putin-russia-security-intelligence-intl:0
[  565238ms] [ERROR] [GSI_LOGGER]: FedCM get() rejects with AbortError: signal is aborted without reason @ https://accounts.google.com/gsi/client:85
[  565858ms] [WARNING] An iframe which has both allow-scripts and allow-same-origin for its sandbox attribute can escape its sandboxing. @ https://cadmus.script.ac/d2uap9jskdzp2/script.js:0
[  565898ms] [WARNING] [GPT] Slot ad_right_atf_01 rendered inside of the viewport.
https://goo.gle/gpt-message#169 @ https://securepubads.g.doubleclick.net/pagead/managed/js/gpt/m202604290101/pubads_impl.js?cb=31098182:18
[  565118ms] [ERROR] Attestation check for Shared Storage on https://www.googleadservices.com failed. @ https://www.googleadservices.com/pagead/managed/js/activeview/current/reach_worklet.html:0
[  565949ms] [ERROR] Attestation check for Shared Storage on https://www.googleadservices.com failed. @ https://www.googleadservices.com/pagead/managed/js/activeview/current/reach_worklet.html:0
[  566344ms] [TIMEEND] a: 0.001953125 ms @ https://static.adsafeprotected.com/sca.17.6.4.js:31
[  576204ms] [ERROR] Failed to load resource: net::ERR_TOO_MANY_REDIRECTS @ https://uip.semasio.net/dbm/1/info?sType=sync&sExtCookieId=CAESEPjfTyxbWIpQwVaVC559QoI&sInitiator=internal&google_cver=1&gdpr=0&gdpr_consent=&id5=ID5-56daImRTKYIgtWFqy4CaSW5yCLlucuxYB9SWoi121A&google_cver=1:0
[ 1445379ms] [ERROR] Failed to load resource: net::ERR_INTERNET_DISCONNECTED @ https://edition.cnn.com/public/api/alerts:0
[ 1445391ms] Uncaught (in promise) TypeError: Failed to fetch
    at <anonymous> (https://cadmus.script.ac/d2uap9jskdzp2/script.js:0:104771)
    at r (https://edition.cnn.com/2026/05/04/europe/putin-russia-security-intelligence-intl:8715:416)
    at t.exports.get (https://edition.cnn.com/2026/05/04/europe/putin-russia-security-intelligence-intl:8715:565)
    at check (https://edition.cnn.com/2026/05/04/europe/putin-russia-security-intelligence-intl:9353:1049)
    at <anonymous> (https://edition.cnn.com/2026/05/04/europe/putin-russia-security-intelligence-intl:9353:570)
[ 1445522ms] [ERROR] Failed to load resource: net::ERR_INTERNET_DISCONNECTED @ https://ping.chartbeat.net/ping?h=edition.cnn.com&p=edition.cnn.com%2F2026%2F05%2F04%2Feurope%2Fputin-russia-security-intelligence-intl&u=0k-vECQrwCwClm3fm&d=edition.cnn.com&g=37612&g0=world&g1=Nick%20Paton%20Walsh&g6=7034190933%7C%7C2&g7=1777885806763&n=0&f=00001&c=14.7&x=1154&m=1282&y=12747&o=1440&w=812&j=150&R=0&W=0&I=1&E=38&e=0&r=&PA=https%3A%2F%2Fedition.cnn.com%2F2026%2F05%2F04%2Feurope%2Fputin-russia-security-intelligence-intl&b=446&t=BW7DeyD_c7dGDDNJtICdvdTZDaYmdi&V=151&tz=-240&sn=19&sv=Wxf56CAeOcgDGcwFTBF7hhwDiigfS&sr=external&sd=1&im=06072fd0&_:0
